Archive member included to satisfy reference by file (symbol)

E:/SmashProjects/EveryoneHasWitchTime/code-mod-framework/lib/libnx_min/nx/lib\libnx_min.a(switch_crt0.o)
                              (_start)
E:/SmashProjects/EveryoneHasWitchTime/code-mod-framework/lib/libnx_min/nx/lib\libnx_min.a(exception.o)
                              E:/SmashProjects/EveryoneHasWitchTime/code-mod-framework/lib/libnx_min/nx/lib\libnx_min.a(switch_crt0.o) (__libnx_exception_entry)
E:/SmashProjects/EveryoneHasWitchTime/code-mod-framework/lib/libnx_min/nx/lib\libnx_min.a(argv.o)
                              E:/SmashProjects/EveryoneHasWitchTime/code-mod-framework/lib/libnx_min/nx/lib\libnx_min.a(switch_crt0.o) (__system_argv)
E:/SmashProjects/EveryoneHasWitchTime/code-mod-framework/lib/libnx_min/nx/lib\libnx_min.a(env.o)
                              E:/SmashProjects/EveryoneHasWitchTime/code-mod-framework/lib/libnx_min/nx/lib\libnx_min.a(argv.o) (envIsNso)
E:/SmashProjects/EveryoneHasWitchTime/code-mod-framework/lib/libnx_min/nx/lib\libnx_min.a(init.o)
                              E:/SmashProjects/EveryoneHasWitchTime/code-mod-framework/lib/libnx_min/nx/lib\libnx_min.a(exception.o) (__nx_exceptiondump)
E:/SmashProjects/EveryoneHasWitchTime/code-mod-framework/lib/libnx_min/nx/lib\libnx_min.a(hosversion.o)
                              E:/SmashProjects/EveryoneHasWitchTime/code-mod-framework/lib/libnx_min/nx/lib\libnx_min.a(init.o) (hosversionSet)
E:/SmashProjects/EveryoneHasWitchTime/code-mod-framework/lib/libnx_min/nx/lib\libnx_min.a(dynamic.o)
                              E:/SmashProjects/EveryoneHasWitchTime/code-mod-framework/lib/libnx_min/nx/lib\libnx_min.a(switch_crt0.o) (__nx_dynamic)
E:/SmashProjects/EveryoneHasWitchTime/code-mod-framework/lib/libnx_min/nx/lib\libnx_min.a(fs_dev.o)
                              E:/SmashProjects/EveryoneHasWitchTime/code-mod-framework/lib/libnx_min/nx/lib\libnx_min.a(init.o) (fsdevMountSdmc)
E:/SmashProjects/EveryoneHasWitchTime/code-mod-framework/lib/libnx_min/nx/lib\libnx_min.a(decode_utf8.o)
                              E:/SmashProjects/EveryoneHasWitchTime/code-mod-framework/lib/libnx_min/nx/lib\libnx_min.a(fs_dev.o) (decode_utf8)
E:/SmashProjects/EveryoneHasWitchTime/code-mod-framework/lib/libnx_min/nx/lib\libnx_min.a(svc.o)
                              E:/SmashProjects/EveryoneHasWitchTime/code-mod-framework/lib/libnx_min/nx/lib\libnx_min.a(init.o) (svcSetHeapSize)
E:/SmashProjects/EveryoneHasWitchTime/code-mod-framework/lib/libnx_min/nx/lib\libnx_min.a(readtp.o)
                              E:/SmashProjects/EveryoneHasWitchTime/code-mod-framework/lib/libnx_min/nx/lib\libnx_min.a(fs_dev.o) (__aarch64_read_tp)
E:/SmashProjects/EveryoneHasWitchTime/code-mod-framework/lib/libnx_min/nx/lib\libnx_min.a(virtmem.o)
                              E:/SmashProjects/EveryoneHasWitchTime/code-mod-framework/lib/libnx_min/nx/lib\libnx_min.a(init.o) (virtmemSetup)
E:/SmashProjects/EveryoneHasWitchTime/code-mod-framework/lib/libnx_min/nx/lib\libnx_min.a(mutex.o)
                              E:/SmashProjects/EveryoneHasWitchTime/code-mod-framework/lib/libnx_min/nx/lib\libnx_min.a(virtmem.o) (mutexLock)
E:/SmashProjects/EveryoneHasWitchTime/code-mod-framework/lib/libnx_min/nx/lib\libnx_min.a(fs.o)
                              E:/SmashProjects/EveryoneHasWitchTime/code-mod-framework/lib/libnx_min/nx/lib\libnx_min.a(init.o) (fsInitialize)
E:/SmashProjects/EveryoneHasWitchTime/code-mod-framework/lib/libnx_min/nx/lib\libnx_min.a(set.o)
                              E:/SmashProjects/EveryoneHasWitchTime/code-mod-framework/lib/libnx_min/nx/lib\libnx_min.a(init.o) (setsysInitialize)
E:/SmashProjects/EveryoneHasWitchTime/code-mod-framework/lib/libnx_min/nx/lib\libnx_min.a(fatal.o)
                              E:/SmashProjects/EveryoneHasWitchTime/code-mod-framework/lib/libnx_min/nx/lib\libnx_min.a(env.o) (fatalSimple)
E:/SmashProjects/EveryoneHasWitchTime/code-mod-framework/lib/libnx_min/nx/lib\libnx_min.a(sm.o)
                              E:/SmashProjects/EveryoneHasWitchTime/code-mod-framework/lib/libnx_min/nx/lib\libnx_min.a(env.o) (smAddOverrideHandle)
E:/SmashProjects/EveryoneHasWitchTime/code-mod-framework/lib/libnx_min/nx/lib\libnx_min.a(hid.o)
                              E:/SmashProjects/EveryoneHasWitchTime/code-mod-framework/lib/libnx_min/nx/lib\libnx_min.a(init.o) (hidExit)
E:/SmashProjects/EveryoneHasWitchTime/code-mod-framework/lib/libnx_min/nx/lib\libnx_min.a(time.o)
                              E:/SmashProjects/EveryoneHasWitchTime/code-mod-framework/lib/libnx_min/nx/lib\libnx_min.a(init.o) (timeExit)
E:/SmashProjects/EveryoneHasWitchTime/code-mod-framework/lib/libnx_min/nx/lib\libnx_min.a(applet.o)
                              E:/SmashProjects/EveryoneHasWitchTime/code-mod-framework/lib/libnx_min/nx/lib\libnx_min.a(hid.o) (appletGetAppletResourceUserId)
E:/SmashProjects/EveryoneHasWitchTime/code-mod-framework/lib/libnx_min/nx/lib\libnx_min.a(newlib.o)
[...]
Memory Configuration

Name             Origin             Length             Attributes
*default*        0x0000000000000000 0xffffffffffffffff

Linker script and memory map

                0x0000000000000000                PROVIDE (__start__ = 0x0)
                0x0000000000000000                . = __start__

.crt0           0x0000000000000000      0x158
 *(.crt0)
 .crt0          0x0000000000000000      0x158 E:/SmashProjects/EveryoneHasWitchTime/code-mod-framework/lib/libnx_min/nx/lib\libnx_min.a(switch_crt0.o)
                0x0000000000000000                _start
                0x0000000000000120                __nx_exit
                0x0000000000000130                __nx_mod0
                0x0000000000000158                . = ALIGN (0x8)

.init           0x0000000000000158       0x38
 *(.init)
 .init          0x0000000000000158       0x18 e:/appsprograms/devkitpro/devkita64/bin/../lib/gcc/aarch64-none-elf/8.3.0/pic/crti.o
                0x0000000000000158                _init
 .init          0x0000000000000170       0x1c e:/appsprograms/devkitpro/devkita64/bin/../lib/gcc/aarch64-none-elf/8.3.0/pic/crtn.o
                0x0000000000000190                . = ALIGN (0x8)
 *fill*         0x000000000000018c        0x4 

.plt            0x0000000000000190       0xa0
 *(.plt)
 .plt           0x0000000000000190       0xa0 e:/appsprograms/devkitpro/devkita64/bin/../lib/gcc/aarch64-none-elf/8.3.0/pic/crti.o
 *(.iplt)
                0x0000000000000230                . = ALIGN (0x8)

.text           0x0000000000000240    0x29c40
 *(.text.unlikely .text.*_unlikely .text.unlikely.*)
 *(.text.exit .text.exit.*)
 .text.exit     0x0000000000000240       0x38 e:/appsprograms/devkitpro/devkita64/bin/../lib/gcc/aarch64-none-elf/8.3.0/../../../../aarch64-none-elf/lib/pic\libg.a(lib_a-exit.o)
                0x0000000000000240                exit
 *(.text.startup .text.startup.*)
 *fill*         0x0000000000000278        0x8 
 .text.startup  0x0000000000000280      0x164 main.o
                0x0000000000000280                main
 *(.text.hot .text.hot.*)
 *(.text .stub .text.* .gnu.linkonce.t.*)
 *fill*         0x00000000000003e4        0x4 
 .text.deregister_tm_clones
                0x00000000000003e8       0x2c e:/appsprograms/devkitpro/devkita64/bin/../lib/gcc/aarch64-none-elf/8.3.0/pic/crtbegin.o
 *fill*         0x0000000000000414        0x4 
 .text.register_tm_clones
                0x0000000000000418       0x38 e:/appsprograms/devkitpro/devkita64/bin/../lib/gcc/aarch64-none-elf/8.3.0/pic/crtbegin.o
 .text.__do_global_dtors_aux
                0x0000000000000450       0x48 e:/appsprograms/devkitpro/devkita64/bin/../lib/gcc/aarch64-none-elf/8.3.0/pic/crtbegin.o
 .text.frame_dummy
                0x0000000000000498       0x34 e:/appsprograms/devkitpro/devkita64/bin/../lib/gcc/aarch64-none-elf/8.3.0/pic/crtbegin.o
 *fill*         0x00000000000004cc        0x4 
 .text          0x00000000000004d0      0x960 main.o
                0x0000000000000620                clear_lua_stack_replace(lib::L2CAgent*)
                0x00000000000009e0                get_command_flag_cat_replace(unsigned long, int)
                0x0000000000000c50                replace_scripts(lib::L2CAgent*, unsigned char, int)
                0x0000000000000ca0                sv_get_status_func(unsigned long, int, unsigned long)
                0x0000000000000cf0                sv_replace_status_func(unsigned long, int, unsigned long, void*)
                0x0000000000000d30                script_replacement()
                0x0000000000000d90                __libnx_init
                0x0000000000000de0                __libnx_exit
 .text          0x0000000000000e30      0xbe8 acmd_wrapper.o
                0x0000000000000e30                is_before_frame(unsigned long, float)
                0x0000000000000e60                null_acmd_func(lib::L2CAgent*, void*)
                0x0000000000000e70                load_module(unsigned long, unsigned long)
                0x0000000000000e80                load_module_impl(unsigned long, unsigned long)
                0x0000000000000e90                ACMD::ACMD()
                0x0000000000000e90                ACMD::ACMD()
                0x0000000000000ea0                ACMD::ACMD(char const*, char const*, char const*, char const*, void (*)(ACMD*))
                0x0000000000000ea0                ACMD::ACMD(char const*, char const*, char const*, char const*, void (*)(ACMD*))
                0x0000000000000ec0                ACMD::match()
                0x0000000000000f70                ACMD::nullify_original(lib::L2CAgent*)
                0x0000000000001040                ACMD::run(lib::L2CAgent*)
                0x0000000000001130                ACMD::frame(float)
                0x0000000000001150                ACMD::wait(float)
                0x0000000000001160                ACMD::is_excute()
                0x00000000000011e0                ACMD::_frame(float)
                0x0000000000001270                ACMD::_frame_reimpl(float)
                0x0000000000001360                ACMD::_wait(float)
                0x00000000000013f0                ACMD::_is_excute()
                0x0000000000001490                ACMD::wrap(void (*)(unsigned long), std::initializer_list<lib::L2CValue>)
                0x0000000000001530                ACMD::ATTACK(unsigned long, unsigned long, unsigned long, float, unsigned long, unsigned long, unsigned long, unsigned long, float, float, float, float, float, float, unsigned long, unsigned long, unsigned long, unsigned long, float, unsigned long, unsigned long, unsigned long, unsigned long, unsigned long, unsigned long, unsigned long, unsigned long, unsigned long, unsigned long, unsigned long, unsigned long, unsigned long, unsigned long)
                0x00000000000017b0                ACMD::ATTACK(unsigned long, unsigned long, unsigned long, float, unsigned long, unsigned long, unsigned long, unsigned long, float, float, float, float, float, float, float, float, float, unsigned long, unsigned long, unsigned long, unsigned long, float, unsigned long, unsigned long, unsigned long, unsigned long, unsigned long, unsigned long, unsigned long, unsigned long, unsigned long, unsigned long, unsigned long, unsigned long, unsigned long, unsigned long)
 *fill*         0x0000000000001a18        0x8 
 .text          0x0000000000001a20      0x124 saltysd_helper.o
                0x0000000000001a20                SaltySD_function_replace(unsigned long, unsigned long)
                0x0000000000001a90                SaltySD_function_replace_sym(char*, unsigned long)
                0x0000000000001ac0                SaltySD_function_replace_sym_check_prev(char*, unsigned long, unsigned long&)
 *fill*         0x0000000000001b44        0xc 
 .text          0x0000000000001b50      0x350 lua_bind_hash.o
                0x0000000000001b50                lua_bind_hash(void const*, unsigned long)
                0x0000000000001e70                lua_bind_hash_str(char const*)
 .text          0x0000000000001ea0      0x128 l2c_imports.o
                0x0000000000001ea0                lib::lua_const(char const*)
                0x0000000000001ee0                lib::L2CValue::L2CValue()
                0x0000000000001ee0                lib::L2CValue::L2CValue()
                0x0000000000001ef0                lib::L2CValue::L2CValue(bool)
                0x0000000000001ef0                lib::L2CValue::L2CValue(bool)
                0x0000000000001f10                lib::L2CValue::L2CValue(int)
                0x0000000000001f10                lib::L2CValue::L2CValue(int)
                0x0000000000001f30                lib::L2CValue::L2CValue(unsigned long)
                0x0000000000001f30                lib::L2CValue::L2CValue(unsigned long)
                0x0000000000001f40                lib::L2CValue::L2CValue(float)
                0x0000000000001f40                lib::L2CValue::L2CValue(float)
                0x0000000000001f50                lib::L2CValue::L2CValue(double)
                0x0000000000001f50                lib::L2CValue::L2CValue(double)
                0x0000000000001f70                lib::L2CValue::L2CValue(char const*)
                0x0000000000001f70                lib::L2CValue::L2CValue(char const*)
                0x0000000000001f80                lib::L2CAgent::get_lua_stack(int, lib::L2CValue*)
                0x0000000000001f90                lib::L2CAgent::_clear_lua_stack()
 *fill*         0x0000000000001fc8        0x8 
 .text          0x0000000000001fd0      0x500 raygun_printer.o
                0x0000000000001fd0                show_segment(unsigned long, float, float, float, float, float)
                0x00000000000020a0                alphabet_index(char)
                0x0000000000002110                print_char(unsigned long, char, int, float, float)
                0x0000000000002270                print_string(unsigned long, char const*, ...)
 .text.__libnx_exception_entry
                0x00000000000024d0      0x1c0 E:/SmashProjects/EveryoneHasWitchTime/code-mod-framework/lib/libnx_min/nx/lib\libnx_min.a(exception.o)
                0x00000000000024d0                __libnx_exception_entry
 .text.__libnx_exception_returnentry
                0x0000000000002690       0x18 E:/SmashProjects/EveryoneHasWitchTime/code-mod-framework/lib/libnx_min/nx/lib\libnx_min.a(exception.o)
                0x0000000000002690                __libnx_exception_returnentry
 *fill*         0x00000000000026a8        0x8 
 .text.argvSetup
                0x00000000000026b0      0x318 E:/SmashProjects/EveryoneHasWitchTime/code-mod-framework/lib/libnx_min/nx/lib\libnx_min.a(argv.o)
                0x00000000000026b0                argvSetup
 *fill*         0x00000000000029c8        0x8 
 .text.envSetup
                0x00000000000029d0      0x208 E:/SmashProjects/EveryoneHasWitchTime/code-mod-framework/lib/libnx_min/nx/lib\libnx_min.a(env.o)
                0x00000000000029d0                envSetup
 *fill*         0x0000000000002bd8        0x8 
 .text.envGetMainThreadHandle
                0x0000000000002be0       0x20 E:/SmashProjects/EveryoneHasWitchTime/code-mod-framework/lib/libnx_min/nx/lib\libnx_min.a(env.o)
                0x0000000000002be0                envGetMainThreadHandle
 .text.envIsNso
                0x0000000000002c00        0xc E:/SmashProjects/EveryoneHasWitchTime/code-mod-framework/lib/libnx_min/nx/lib\libnx_min.a(env.o)
                0x0000000000002c00                envIsNso
 *fill*         0x0000000000002c0c        0x4 
 .text.envHasHeapOverride
                0x0000000000002c10       0x14 E:/SmashProjects/EveryoneHasWitchTime/code-mod-framework/lib/libnx_min/nx/lib\libnx_min.a(env.o)
                0x0000000000002c10                envHasHeapOverride
 *fill*         0x0000000000002c24        0xc 
 .text.envGetHeapOverrideAddr
                0x0000000000002c30        0xc E:/SmashProjects/EveryoneHasWitchTime/code-mod-framework/lib/libnx_min/nx/lib\libnx_min.a(env.o)
                0x0000000000002c30                envGetHeapOverrideAddr
 *fill*         0x0000000000002c3c        0x4 
 .text.envGetHeapOverrideSize
                0x0000000000002c40        0xc E:/SmashProjects/EveryoneHasWitchTime/code-mod-framework/lib/libnx_min/nx/lib\libnx_min.a(env.o)
                0x0000000000002c40                envGetHeapOverrideSize
 *fill*         0x0000000000002c4c        0x4 
 .text.envHasArgv
                0x0000000000002c50       0x14 E:/SmashProjects/EveryoneHasWitchTime/code-mod-framework/lib/libnx_min/nx/lib\libnx_min.a(env.o)
                0x0000000000002c50                envHasArgv
 *fill*         0x0000000000002c64        0xc 
 .text.envGetArgv
                0x0000000000002c70        0xc E:/SmashProjects/EveryoneHasWitchTime/code-mod-framework/lib/libnx_min/nx/lib\libnx_min.a(env.o)
                0x0000000000002c70                envGetArgv
 *fill*         0x0000000000002c7c        0x4 
 .text.envIsSyscallHinted
                0x0000000000002c80       0x20 E:/SmashProjects/EveryoneHasWitchTime/code-mod-framework/lib/libnx_min/nx/lib\libnx_min.a(env.o)
                0x0000000000002c80                envIsSyscallHinted
 .text.envGetOwnProcessHandle
                0x0000000000002ca0        0xc E:/SmashProjects/EveryoneHasWitchTime/code-mod-framework/lib/libnx_min/nx/lib\libnx_min.a(env.o)
                0x0000000000002ca0                envGetOwnProcessHandle
 *fill*         0x0000000000002cac        0x4 
 .text.envGetExitFuncPtr
                0x0000000000002cb0        0xc E:/SmashProjects/EveryoneHasWitchTime/code-mod-framework/lib/libnx_min/nx/lib\libnx_min.a(env.o)
                0x0000000000002cb0                envGetExitFuncPtr
 *fill*         0x0000000000002cbc        0x4 
 .text.envSetExitFuncPtr
                0x0000000000002cc0        0xc E:/SmashProjects/EveryoneHasWitchTime/code-mod-framework/lib/libnx_min/nx/lib\libnx_min.a(env.o)
                0x0000000000002cc0                envSetExitFuncPtr
 *fill*         0x0000000000002ccc        0x4 
 .text.envSetNextLoad
                0x0000000000002cd0       0x7c E:/SmashProjects/EveryoneHasWitchTime/code-mod-framework/lib/libnx_min/nx/lib\libnx_min.a(env.o)
                0x0000000000002cd0                envSetNextLoad
 *fill*         0x0000000000002d4c        0x4 
 .text.envHasNextLoad
                0x0000000000002d50       0x14 E:/SmashProjects/EveryoneHasWitchTime/code-mod-framework/lib/libnx_min/nx/lib\libnx_min.a(env.o)
                0x0000000000002d50                envHasNextLoad
 *fill*         0x0000000000002d64        0xc 
 .text.envGetLastLoadResult
                0x0000000000002d70        0xc E:/SmashProjects/EveryoneHasWitchTime/code-mod-framework/lib/libnx_min/nx/lib\libnx_min.a(env.o)
                0x0000000000002d70                envGetLastLoadResult
 *fill*         0x0000000000002d7c        0x4 
 .text.envHasRandomSeed
                0x0000000000002d80        0xc E:/SmashProjects/EveryoneHasWitchTime/code-mod-framework/lib/libnx_min/nx/lib\libnx_min.a(env.o)
                0x0000000000002d80                envHasRandomSeed
 *fill*         0x0000000000002d8c        0x4 
 .text.envGetRandomSeed
                0x0000000000002d90       0x18 E:/SmashProjects/EveryoneHasWitchTime/code-mod-framework/lib/libnx_min/nx/lib\libnx_min.a(env.o)
                0x0000000000002d90                envGetRandomSeed
 *fill*         0x0000000000002da8        0x8 
 .text.__libnx_initheap
                0x0000000000002db0       0xd8 E:/SmashProjects/EveryoneHasWitchTime/code-mod-framework/lib/libnx_min/nx/lib\libnx_min.a(init.o)
                0x0000000000002db0                __libnx_initheap
 *fill*         0x0000000000002e88        0x8 
 .text.__appInit
                0x0000000000002e90       0xdc E:/SmashProjects/EveryoneHasWitchTime/code-mod-framework/lib/libnx_min/nx/lib\libnx_min.a(init.o)
                0x0000000000002e90                __appInit
 *fill*         0x0000000000002f6c        0x4 
 .text.__appExit
                0x0000000000002f70       0x44 E:/SmashProjects/EveryoneHasWitchTime/code-mod-framework/lib/libnx_min/nx/lib\libnx_min.a(init.o)
                0x0000000000002f70                __appExit
 *fill*         0x0000000000002fb4        0xc 
 .text.hosversionGet
                0x0000000000002fc0       0x10 E:/SmashProjects/EveryoneHasWitchTime/code-mod-framework/lib/libnx_min/nx/lib\libnx_min.a(hosversion.o)
                0x0000000000002fc0                hosversionGet
 .text.hosversionSet
                0x0000000000002fd0       0x10 E:/SmashProjects/EveryoneHasWitchTime/code-mod-framework/lib/libnx_min/nx/lib\libnx_min.a(hosversion.o)
                0x0000000000002fd0                hosversionSet
 .text.__nx_dynamic
                0x0000000000002fe0       0xa0 E:/SmashProjects/EveryoneHasWitchTime/code-mod-framework/lib/libnx_min/nx/lib\libnx_min.a(dynamic.o)
                0x0000000000002fe0                __nx_dynamic
 .text.fsdev_link
                0x0000000000003080       0x10 E:/SmashProjects/EveryoneHasWitchTime/code-mod-framework/lib/libnx_min/nx/lib\libnx_min.a(fs_dev.o)
 .text.fsdev_dirreset
                0x0000000000003090       0x10 E:/SmashProjects/EveryoneHasWitchTime/code-mod-framework/lib/libnx_min/nx/lib\libnx_min.a(fs_dev.o)
 .text.fsdev_chmod
                0x00000000000030a0       0x10 E:/SmashProjects/EveryoneHasWitchTime/code-mod-framework/lib/libnx_min/nx/lib\libnx_min.a(fs_dev.o)
 .text.error_cmp
                0x00000000000030b0       0x1c E:/SmashProjects/EveryoneHasWitchTime/code-mod-framework/lib/libnx_min/nx/lib\libnx_min.a(fs_dev.o)
 *fill*         0x00000000000030cc        0x4 
 .text.fsdev_translate_error
                0x00000000000030d0       0x5c E:/SmashProjects/EveryoneHasWitchTime/code-mod-framework/lib/libnx_min/nx/lib\libnx_min.a(fs_dev.o)
 *fill*         0x000000000000312c        0x4 
 .text.fsdev_fsync
                0x0000000000003130       0x40 E:/SmashProjects/EveryoneHasWitchTime/code-mod-framework/lib/libnx_min/nx/lib\libnx_min.a(fs_dev.o)
 .text.fsdev_ftruncate
                0x0000000000003170       0x60 E:/SmashProjects/EveryoneHasWitchTime/code-mod-framework/lib/libnx_min/nx/lib\libnx_min.a(fs_dev.o)
 .text.fsdev_dirclose
                0x00000000000031d0       0x20 E:/SmashProjects/EveryoneHasWitchTime/code-mod-framework/lib/libnx_min/nx/lib\libnx_min.a(fs_dev.o)
 .text.fsdev_dirnext
                0x00000000000031f0      0x16c E:/SmashProjects/EveryoneHasWitchTime/code-mod-framework/lib/libnx_min/nx/lib\libnx_min.a(fs_dev.o)
 *fill*         0x000000000000335c        0x4 
 .text.fsdev_close
                0x0000000000003360       0x1c E:/SmashProjects/EveryoneHasWitchTime/code-mod-framework/lib/libnx_min/nx/lib\libnx_min.a(fs_dev.o)
 *fill*         0x000000000000337c        0x4 
 .text.fsdev_fstat
                0x0000000000003380       0xa4 E:/SmashProjects/EveryoneHasWitchTime/code-mod-framework/lib/libnx_min/nx/lib\libnx_min.a(fs_dev.o)
 *fill*         0x0000000000003424        0xc 
 .text.fsdev_seek
                0x0000000000003430       0xb0 E:/SmashProjects/EveryoneHasWitchTime/code-mod-framework/lib/libnx_min/nx/lib\libnx_min.a(fs_dev.o)
 .text.fsdev_read
                0x00000000000034e0      0x1a0 E:/SmashProjects/EveryoneHasWitchTime/code-mod-framework/lib/libnx_min/nx/lib\libnx_min.a(fs_dev.o)
 .text.fsdev_write
                0x0000000000003680      0x1a8 E:/SmashProjects/EveryoneHasWitchTime/code-mod-framework/lib/libnx_min/nx/lib\libnx_min.a(fs_dev.o)
 *fill*         0x0000000000003828        0x8 
 .text.fsdevFindDevice
                0x0000000000003830      0x120 E:/SmashProjects/EveryoneHasWitchTime/code-mod-framework/lib/libnx_min/nx/lib\libnx_min.a(fs_dev.o)
 .text._fsdevMountDevice
                0x0000000000003950      0x140 E:/SmashProjects/EveryoneHasWitchTime/code-mod-framework/lib/libnx_min/nx/lib\libnx_min.a(fs_dev.o)
 .text.fsdev_getfspath
                0x0000000000003a90      0x1fc E:/SmashProjects/EveryoneHasWitchTime/code-mod-framework/lib/libnx_min/nx/lib\libnx_min.a(fs_dev.o)
 *fill*         0x0000000000003c8c        0x4 
 .text.fsdev_rmdir
                0x0000000000003c90       0x70 E:/SmashProjects/EveryoneHasWitchTime/code-mod-framework/lib/libnx_min/nx/lib\libnx_min.a(fs_dev.o)
 .text.fsdev_statvfs
                0x0000000000003d00       0xd4 E:/SmashProjects/EveryoneHasWitchTime/code-mod-framework/lib/libnx_min/nx/lib\libnx_min.a(fs_dev.o)
 *fill*         0x0000000000003dd4        0xc 
 .text.fsdev_diropen
                0x0000000000003de0       0xec E:/SmashProjects/EveryoneHasWitchTime/code-mod-framework/lib/libnx_min/nx/lib\libnx_min.a(fs_dev.o)
 *fill*         0x0000000000003ecc        0x4 
 .text.fsdev_mkdir
                0x0000000000003ed0       0x70 E:/SmashProjects/EveryoneHasWitchTime/code-mod-framework/lib/libnx_min/nx/lib\libnx_min.a(fs_dev.o)
 .text.fsdev_rename
                0x0000000000003f40      0x114 E:/SmashProjects/EveryoneHasWitchTime/code-mod-framework/lib/libnx_min/nx/lib\libnx_min.a(fs_dev.o)
 *fill*         0x0000000000004054        0xc 
 .text.fsdev_chdir
                0x0000000000004060       0xe8 E:/SmashProjects/EveryoneHasWitchTime/code-mod-framework/lib/libnx_min/nx/lib\libnx_min.a(fs_dev.o)
 *fill*         0x0000000000004148        0x8 
 .text.fsdev_unlink
                0x0000000000004150       0x70 E:/SmashProjects/EveryoneHasWitchTime/code-mod-framework/lib/libnx_min/nx/lib\libnx_min.a(fs_dev.o)
 .text.fsdev_stat
                0x00000000000041c0      0x1bc E:/SmashProjects/EveryoneHasWitchTime/code-mod-framework/lib/libnx_min/nx/lib\libnx_min.a(fs_dev.o)
 *fill*         0x000000000000437c        0x4 
 .text.fsdev_open
                0x0000000000004380      0x19c E:/SmashProjects/EveryoneHasWitchTime/code-mod-framework/lib/libnx_min/nx/lib\libnx_min.a(fs_dev.o)
 *fill*         0x000000000000451c        0x4 
 .text._fsdevUnmountDeviceStruct.part.4
                0x0000000000004520       0xb8 E:/SmashProjects/EveryoneHasWitchTime/code-mod-framework/lib/libnx_min/nx/lib\libnx_min.a(fs_dev.o)
 *fill*         0x00000000000045d8        0x8 
 .text.fsdev_fchmod
                0x00000000000045e0       0x10 E:/SmashProjects/EveryoneHasWitchTime/code-mod-framework/lib/libnx_min/nx/lib\libnx_min.a(fs_dev.o)
 .text.fsdevMountDevice
                0x00000000000045f0       0x14 E:/SmashProjects/EveryoneHasWitchTime/code-mod-framework/lib/libnx_min/nx/lib\libnx_min.a(fs_dev.o)
                0x00000000000045f0                fsdevMountDevice
 *fill*         0x0000000000004604        0xc 
 .text.fsdevUnmountDevice
                0x0000000000004610       0x3c E:/SmashProjects/EveryoneHasWitchTime/code-mod-framework/lib/libnx_min/nx/lib\libnx_min.a(fs_dev.o)
                0x0000000000004610                fsdevUnmountDevice
 *fill*         0x000000000000464c        0x4 
 .text.fsdevCommitDevice
                0x0000000000004650       0x28 E:/SmashProjects/EveryoneHasWitchTime/code-mod-framework/lib/libnx_min/nx/lib\libnx_min.a(fs_dev.o)
                0x0000000000004650                fsdevCommitDevice
 *fill*         0x0000000000004678        0x8 
 .text.fsdevSetArchiveBit
                0x0000000000004680       0x68 E:/SmashProjects/EveryoneHasWitchTime/code-mod-framework/lib/libnx_min/nx/lib\libnx_min.a(fs_dev.o)
                0x0000000000004680                fsdevSetArchiveBit
 *fill*         0x00000000000046e8        0x8 
 .text.fsdevCreateFile
                0x00000000000046f0       0x88 E:/SmashProjects/EveryoneHasWitchTime/code-mod-framework/lib/libnx_min/nx/lib\libnx_min.a(fs_dev.o)
                0x00000000000046f0                fsdevCreateFile
 *fill*         0x0000000000004778        0x8 
 .text.fsdevDeleteDirectoryRecursively
                0x0000000000004780       0x68 E:/SmashProjects/EveryoneHasWitchTime/code-mod-framework/lib/libnx_min/nx/lib\libnx_min.a(fs_dev.o)
                0x0000000000004780                fsdevDeleteDirectoryRecursively
 *fill*         0x00000000000047e8        0x8 
 .text.fsdevMountSdmc
                0x00000000000047f0      0x170 E:/SmashProjects/EveryoneHasWitchTime/code-mod-framework/lib/libnx_min/nx/lib\libnx_min.a(fs_dev.o)
                0x00000000000047f0                fsdevMountSdmc
 .text.fsdevUnmountAll
                0x0000000000004960       0x64 E:/SmashProjects/EveryoneHasWitchTime/code-mod-framework/lib/libnx_min/nx/lib\libnx_min.a(fs_dev.o)
                0x0000000000004960                fsdevUnmountAll
 *fill*         0x00000000000049c4        0xc 
 .text.fsdevGetDeviceFileSystem
                0x00000000000049d0       0x20 E:/SmashProjects/EveryoneHasWitchTime/code-mod-framework/lib/libnx_min/nx/lib\libnx_min.a(fs_dev.o)
                0x00000000000049d0                fsdevGetDeviceFileSystem
 .text.fsdevGetDefaultFileSystem
                0x00000000000049f0       0x40 E:/SmashProjects/EveryoneHasWitchTime/code-mod-framework/lib/libnx_min/nx/lib\libnx_min.a(fs_dev.o)
                0x00000000000049f0                fsdevGetDefaultFileSystem
 .text.fsdevTranslatePath
                0x0000000000004a30       0x58 E:/SmashProjects/EveryoneHasWitchTime/code-mod-framework/lib/libnx_min/nx/lib\libnx_min.a(fs_dev.o)
                0x0000000000004a30                fsdevTranslatePath
 *fill*         0x0000000000004a88        0x8 
 .text.fsdev_getmtime
                0x0000000000004a90       0x20 E:/SmashProjects/EveryoneHasWitchTime/code-mod-framework/lib/libnx_min/nx/lib\libnx_min.a(fs_dev.o)
                0x0000000000004a90                fsdev_getmtime
 .text.fsdevGetLastResult
                0x0000000000004ab0       0x20 E:/SmashProjects/EveryoneHasWitchTime/code-mod-framework/lib/libnx_min/nx/lib\libnx_min.a(fs_dev.o)
                0x0000000000004ab0                fsdevGetLastResult
 .text.decode_utf8
                0x0000000000004ad0      0x12c E:/SmashProjects/EveryoneHasWitchTime/code-mod-framework/lib/libnx_min/nx/lib\libnx_min.a(decode_utf8.o)
                0x0000000000004ad0                decode_utf8
 .text.svcSetHeapSize
                0x0000000000004bfc       0x14 E:/SmashProjects/EveryoneHasWitchTime/code-mod-framework/lib/libnx_min/nx/lib\libnx_min.a(svc.o)
                0x0000000000004bfc                svcSetHeapSize
 .text.svcSetMemoryPermission
                0x0000000000004c10        0x8 E:/SmashProjects/EveryoneHasWitchTime/code-mod-framework/lib/libnx_min/nx/lib\libnx_min.a(svc.o)
                0x0000000000004c10                svcSetMemoryPermission
 .text.svcSetMemoryAttribute
                0x0000000000004c18        0x8 E:/SmashProjects/EveryoneHasWitchTime/code-mod-framework/lib/libnx_min/nx/lib\libnx_min.a(svc.o)
                0x0000000000004c18                svcSetMemoryAttribute
 .text.svcMapMemory
                0x0000000000004c20        0x8 E:/SmashProjects/EveryoneHasWitchTime/code-mod-framework/lib/libnx_min/nx/lib\libnx_min.a(svc.o)
                0x0000000000004c20                svcMapMemory
 .text.svcUnmapMemory
                0x0000000000004c28        0x8 E:/SmashProjects/EveryoneHasWitchTime/code-mod-framework/lib/libnx_min/nx/lib\libnx_min.a(svc.o)
                0x0000000000004c28                svcUnmapMemory
 .text.svcQueryMemory
                0x0000000000004c30       0x14 E:/SmashProjects/EveryoneHasWitchTime/code-mod-framework/lib/libnx_min/nx/lib\libnx_min.a(svc.o)
                0x0000000000004c30                svcQueryMemory
 .text.svcExitProcess
                0x0000000000004c44        0x8 E:/SmashProjects/EveryoneHasWitchTime/code-mod-framework/lib/libnx_min/nx/lib\libnx_min.a(svc.o)
                0x0000000000004c44                svcExitProcess
 .text.svcCreateThread
                0x0000000000004c4c       0x14 E:/SmashProjects/EveryoneHasWitchTime/code-mod-framework/lib/libnx_min/nx/lib\libnx_min.a(svc.o)
                0x0000000000004c4c                svcCreateThread
 .text.svcStartThread
                0x0000000000004c60        0x8 E:/SmashProjects/EveryoneHasWitchTime/code-mod-framework/lib/libnx_min/nx/lib\libnx_min.a(svc.o)
                0x0000000000004c60                svcStartThread
 .text.svcExitThread
                0x0000000000004c68        0x8 E:/SmashProjects/EveryoneHasWitchTime/code-mod-framework/lib/libnx_min/nx/lib\libnx_min.a(svc.o)
                0x0000000000004c68                svcExitThread
 .text.svcSleepThread
                0x0000000000004c70        0x8 E:/SmashProjects/EveryoneHasWitchTime/code-mod-framework/lib/libnx_min/nx/lib\libnx_min.a(svc.o)
                0x0000000000004c70                svcSleepThread
 .text.svcGetThreadPriority
                0x0000000000004c78       0x14 E:/SmashProjects/EveryoneHasWitchTime/code-mod-framework/lib/libnx_min/nx/lib\libnx_min.a(svc.o)
                0x0000000000004c78                svcGetThreadPriority
 .text.svcSetThreadPriority
                0x0000000000004c8c        0x8 E:/SmashProjects/EveryoneHasWitchTime/code-mod-framework/lib/libnx_min/nx/lib\libnx_min.a(svc.o)
                0x0000000000004c8c                svcSetThreadPriority
 .text.svcGetThreadCoreMask
                0x0000000000004c94       0x18 E:/SmashProjects/EveryoneHasWitchTime/code-mod-framework/lib/libnx_min/nx/lib\libnx_min.a(svc.o)
                0x0000000000004c94                svcGetThreadCoreMask
 .text.svcSetThreadCoreMask
                0x0000000000004cac        0x8 E:/SmashProjects/EveryoneHasWitchTime/code-mod-framework/lib/libnx_min/nx/lib\libnx_min.a(svc.o)
                0x0000000000004cac                svcSetThreadCoreMask
 .text.svcGetCurrentProcessorNumber
                0x0000000000004cb4        0x8 E:/SmashProjects/EveryoneHasWitchTime/code-mod-framework/lib/libnx_min/nx/lib\libnx_min.a(svc.o)
                0x0000000000004cb4                svcGetCurrentProcessorNumber
 .text.svcSignalEvent
                0x0000000000004cbc        0x8 E:/SmashProjects/EveryoneHasWitchTime/code-mod-framework/lib/libnx_min/nx/lib\libnx_min.a(svc.o)
                0x0000000000004cbc                svcSignalEvent
 .text.svcClearEvent
                0x0000000000004cc4        0x8 E:/SmashProjects/EveryoneHasWitchTime/code-mod-framework/lib/libnx_min/nx/lib\libnx_min.a(svc.o)
                0x0000000000004cc4                svcClearEvent
 .text.svcMapSharedMemory
                0x0000000000004ccc        0x8 E:/SmashProjects/EveryoneHasWitchTime/code-mod-framework/lib/libnx_min/nx/lib\libnx_min.a(svc.o)
                0x0000000000004ccc                svcMapSharedMemory
 .text.svcUnmapSharedMemory
                0x0000000000004cd4        0x8 E:/SmashProjects/EveryoneHasWitchTime/code-mod-framework/lib/libnx_min/nx/lib\libnx_min.a(svc.o)
                0x0000000000004cd4                svcUnmapSharedMemory
 .text.svcCreateTransferMemory
                0x0000000000004cdc       0x14 E:/SmashProjects/EveryoneHasWitchTime/code-mod-framework/lib/libnx_min/nx/lib\libnx_min.a(svc.o)
                0x0000000000004cdc                svcCreateTransferMemory
 .text.svcCloseHandle
                0x0000000000004cf0        0x8 E:/SmashProjects/EveryoneHasWitchTime/code-mod-framework/lib/libnx_min/nx/lib\libnx_min.a(svc.o)
                0x0000000000004cf0                svcCloseHandle
 .text.svcResetSignal
                0x0000000000004cf8        0x8 E:/SmashProjects/EveryoneHasWitchTime/code-mod-framework/lib/libnx_min/nx/lib\libnx_min.a(svc.o)
                0x0000000000004cf8                svcResetSignal
 .text.svcWaitSynchronization
                0x0000000000004d00       0x14 E:/SmashProjects/EveryoneHasWitchTime/code-mod-framework/lib/libnx_min/nx/lib\libnx_min.a(svc.o)
                0x0000000000004d00                svcWaitSynchronization
 .text.svcCancelSynchronization
                0x0000000000004d14        0x8 E:/SmashProjects/EveryoneHasWitchTime/code-mod-framework/lib/libnx_min/nx/lib\libnx_min.a(svc.o)
                0x0000000000004d14                svcCancelSynchronization
 .text.svcArbitrateLock
                0x0000000000004d1c        0x8 E:/SmashProjects/EveryoneHasWitchTime/code-mod-framework/lib/libnx_min/nx/lib\libnx_min.a(svc.o)
                0x0000000000004d1c                svcArbitrateLock
 .text.svcArbitrateUnlock
                0x0000000000004d24        0x8 E:/SmashProjects/EveryoneHasWitchTime/code-mod-framework/lib/libnx_min/nx/lib\libnx_min.a(svc.o)
                0x0000000000004d24                svcArbitrateUnlock
 .text.svcWaitProcessWideKeyAtomic
                0x0000000000004d2c        0x8 E:/SmashProjects/EveryoneHasWitchTime/code-mod-framework/lib/libnx_min/nx/lib\libnx_min.a(svc.o)
                0x0000000000004d2c                svcWaitProcessWideKeyAtomic
 .text.svcSignalProcessWideKey
                0x0000000000004d34        0x8 E:/SmashProjects/EveryoneHasWitchTime/code-mod-framework/lib/libnx_min/nx/lib\libnx_min.a(svc.o)
                0x0000000000004d34                svcSignalProcessWideKey
 .text.svcGetSystemTick
                0x0000000000004d3c        0x8 E:/SmashProjects/EveryoneHasWitchTime/code-mod-framework/lib/libnx_min/nx/lib\libnx_min.a(svc.o)
                0x0000000000004d3c                svcGetSystemTick
 .text.svcConnectToNamedPort
                0x0000000000004d44       0x14 E:/SmashProjects/EveryoneHasWitchTime/code-mod-framework/lib/libnx_min/nx/lib\libnx_min.a(svc.o)
                0x0000000000004d44                svcConnectToNamedPort
 .text.svcSendSyncRequest
                0x0000000000004d58        0x8 E:/SmashProjects/EveryoneHasWitchTime/code-mod-framework/lib/libnx_min/nx/lib\libnx_min.a(svc.o)
                0x0000000000004d58                svcSendSyncRequest
 .text.svcSendSyncRequestWithUserBuffer
                0x0000000000004d60        0x8 E:/SmashProjects/EveryoneHasWitchTime/code-mod-framework/lib/libnx_min/nx/lib\libnx_min.a(svc.o)
                0x0000000000004d60                svcSendSyncRequestWithUserBuffer
 .text.svcSendAsyncRequestWithUserBuffer
                0x0000000000004d68       0x14 E:/SmashProjects/EveryoneHasWitchTime/code-mod-framework/lib/libnx_min/nx/lib\libnx_min.a(svc.o)
                0x0000000000004d68                svcSendAsyncRequestWithUserBuffer
 .text.svcGetProcessId
                0x0000000000004d7c       0x14 E:/SmashProjects/EveryoneHasWitchTime/code-mod-framework/lib/libnx_min/nx/lib\libnx_min.a(svc.o)
                0x0000000000004d7c                svcGetProcessId
 .text.svcGetThreadId
                0x0000000000004d90       0x14 E:/SmashProjects/EveryoneHasWitchTime/code-mod-framework/lib/libnx_min/nx/lib\libnx_min.a(svc.o)
                0x0000000000004d90                svcGetThreadId
 .text.svcBreak
                0x0000000000004da4        0x8 E:/SmashProjects/EveryoneHasWitchTime/code-mod-framework/lib/libnx_min/nx/lib\libnx_min.a(svc.o)
                0x0000000000004da4                svcBreak
 .text.svcOutputDebugString
                0x0000000000004dac        0x8 E:/SmashProjects/EveryoneHasWitchTime/code-mod-framework/lib/libnx_min/nx/lib\libnx_min.a(svc.o)
                0x0000000000004dac                svcOutputDebugString
 .text.svcReturnFromException
                0x0000000000004db4        0x8 E:/SmashProjects/EveryoneHasWitchTime/code-mod-framework/lib/libnx_min/nx/lib\libnx_min.a(svc.o)
                0x0000000000004db4                svcReturnFromException
 .text.svcGetInfo
                0x0000000000004dbc       0x14 E:/SmashProjects/EveryoneHasWitchTime/code-mod-framework/lib/libnx_min/nx/lib\libnx_min.a(svc.o)
                0x0000000000004dbc                svcGetInfo
 .text.svcMapPhysicalMemory
                0x0000000000004dd0        0x8 E:/SmashProjects/EveryoneHasWitchTime/code-mod-framework/lib/libnx_min/nx/lib\libnx_min.a(svc.o)
                0x0000000000004dd0                svcMapPhysicalMemory
 .text.svcUnmapPhysicalMemory
                0x0000000000004dd8        0x8 E:/SmashProjects/EveryoneHasWitchTime/code-mod-framework/lib/libnx_min/nx/lib\libnx_min.a(svc.o)
                0x0000000000004dd8                svcUnmapPhysicalMemory
 .text.svcGetResourceLimitLimitValue
                0x0000000000004de0       0x14 E:/SmashProjects/EveryoneHasWitchTime/code-mod-framework/lib/libnx_min/nx/lib\libnx_min.a(svc.o)
                0x0000000000004de0                svcGetResourceLimitLimitValue
 .text.svcGetResourceLimitCurrentValue
                0x0000000000004df4       0x14 E:/SmashProjects/EveryoneHasWitchTime/code-mod-framework/lib/libnx_min/nx/lib\libnx_min.a(svc.o)
                0x0000000000004df4                svcGetResourceLimitCurrentValue
 .text.svcSetThreadActivity
                0x0000000000004e08        0x8 E:/SmashProjects/EveryoneHasWitchTime/code-mod-framework/lib/libnx_min/nx/lib\libnx_min.a(svc.o)
                0x0000000000004e08                svcSetThreadActivity
 .text.svcGetThreadContext3
                0x0000000000004e10        0x8 E:/SmashProjects/EveryoneHasWitchTime/code-mod-framework/lib/libnx_min/nx/lib\libnx_min.a(svc.o)
                0x0000000000004e10                svcGetThreadContext3
 .text.svcCreateSession
                0x0000000000004e18       0x18 E:/SmashProjects/EveryoneHasWitchTime/code-mod-framework/lib/libnx_min/nx/lib\libnx_min.a(svc.o)
                0x0000000000004e18                svcCreateSession
 .text.svcAcceptSession
                0x0000000000004e30       0x14 E:/SmashProjects/EveryoneHasWitchTime/code-mod-framework/lib/libnx_min/nx/lib\libnx_min.a(svc.o)
                0x0000000000004e30                svcAcceptSession
 .text.svcReplyAndReceive
                0x0000000000004e44       0x14 E:/SmashProjects/EveryoneHasWitchTime/code-mod-framework/lib/libnx_min/nx/lib\libnx_min.a(svc.o)
                0x0000000000004e44                svcReplyAndReceive
 .text.svcReplyAndReceiveWithUserBuffer
                0x0000000000004e58       0x14 E:/SmashProjects/EveryoneHasWitchTime/code-mod-framework/lib/libnx_min/nx/lib\libnx_min.a(svc.o)
                0x0000000000004e58                svcReplyAndReceiveWithUserBuffer
 .text.svcCreateEvent
                0x0000000000004e6c       0x18 E:/SmashProjects/EveryoneHasWitchTime/code-mod-framework/lib/libnx_min/nx/lib\libnx_min.a(svc.o)
                0x0000000000004e6c                svcCreateEvent
 .text.svcMapPhysicalMemoryUnsafe
                0x0000000000004e84        0x8 E:/SmashProjects/EveryoneHasWitchTime/code-mod-framework/lib/libnx_min/nx/lib\libnx_min.a(svc.o)
                0x0000000000004e84                svcMapPhysicalMemoryUnsafe
 .text.svcUnmapPhysicalMemoryUnsafe
                0x0000000000004e8c        0x8 E:/SmashProjects/EveryoneHasWitchTime/code-mod-framework/lib/libnx_min/nx/lib\libnx_min.a(svc.o)
                0x0000000000004e8c                svcUnmapPhysicalMemoryUnsafe
 .text.svcSetUnsafeLimit
                0x0000000000004e94        0x8 E:/SmashProjects/EveryoneHasWitchTime/code-mod-framework/lib/libnx_min/nx/lib\libnx_min.a(svc.o)
                0x0000000000004e94                svcSetUnsafeLimit
 .text.svcCreateCodeMemory
                0x0000000000004e9c       0x14 E:/SmashProjects/EveryoneHasWitchTime/code-mod-framework/lib/libnx_min/nx/lib\libnx_min.a(svc.o)
                0x0000000000004e9c                svcCreateCodeMemory
 .text.svcControlCodeMemory
                0x0000000000004eb0        0x8 E:/SmashProjects/EveryoneHasWitchTime/code-mod-framework/lib/libnx_min/nx/lib\libnx_min.a(svc.o)
                0x0000000000004eb0                svcControlCodeMemory
 .text.svcReadWriteRegister
                0x0000000000004eb8       0x14 E:/SmashProjects/EveryoneHasWitchTime/code-mod-framework/lib/libnx_min/nx/lib\libnx_min.a(svc.o)
                0x0000000000004eb8                svcReadWriteRegister
 .text.svcCreateSharedMemory
                0x0000000000004ecc       0x14 E:/SmashProjects/EveryoneHasWitchTime/code-mod-framework/lib/libnx_min/nx/lib\libnx_min.a(svc.o)
                0x0000000000004ecc                svcCreateSharedMemory
 .text.svcMapTransferMemory
                0x0000000000004ee0        0x8 E:/SmashProjects/EveryoneHasWitchTime/code-mod-framework/lib/libnx_min/nx/lib\libnx_min.a(svc.o)
                0x0000000000004ee0                svcMapTransferMemory
 .text.svcUnmapTransferMemory
                0x0000000000004ee8        0x8 E:/SmashProjects/EveryoneHasWitchTime/code-mod-framework/lib/libnx_min/nx/lib\libnx_min.a(svc.o)
                0x0000000000004ee8                svcUnmapTransferMemory
 .text.svcCreateInterruptEvent
                0x0000000000004ef0       0x14 E:/SmashProjects/EveryoneHasWitchTime/code-mod-framework/lib/libnx_min/nx/lib\libnx_min.a(svc.o)
                0x0000000000004ef0                svcCreateInterruptEvent
 .text.svcQueryPhysicalAddress
                0x0000000000004f04       0x18 E:/SmashProjects/EveryoneHasWitchTime/code-mod-framework/lib/libnx_min/nx/lib\libnx_min.a(svc.o)
                0x0000000000004f04                svcQueryPhysicalAddress
 .text.svcQueryIoMapping
                0x0000000000004f1c       0x14 E:/SmashProjects/EveryoneHasWitchTime/code-mod-framework/lib/libnx_min/nx/lib\libnx_min.a(svc.o)
                0x0000000000004f1c                svcQueryIoMapping
 .text.svcCreateDeviceAddressSpace
                0x0000000000004f30       0x14 E:/SmashProjects/EveryoneHasWitchTime/code-mod-framework/lib/libnx_min/nx/lib\libnx_min.a(svc.o)
                0x0000000000004f30                svcCreateDeviceAddressSpace
 .text.svcAttachDeviceAddressSpace
                0x0000000000004f44        0x8 E:/SmashProjects/EveryoneHasWitchTime/code-mod-framework/lib/libnx_min/nx/lib\libnx_min.a(svc.o)
                0x0000000000004f44                svcAttachDeviceAddressSpace
 .text.svcDetachDeviceAddressSpace
                0x0000000000004f4c        0x8 E:/SmashProjects/EveryoneHasWitchTime/code-mod-framework/lib/libnx_min/nx/lib\libnx_min.a(svc.o)
                0x0000000000004f4c                svcDetachDeviceAddressSpace
 .text.svcMapDeviceAddressSpaceByForce
                0x0000000000004f54        0x8 E:/SmashProjects/EveryoneHasWitchTime/code-mod-framework/lib/libnx_min/nx/lib\libnx_min.a(svc.o)
                0x0000000000004f54                svcMapDeviceAddressSpaceByForce
 .text.svcMapDeviceAddressSpaceAligned
                0x0000000000004f5c        0x8 E:/SmashProjects/EveryoneHasWitchTime/code-mod-framework/lib/libnx_min/nx/lib\libnx_min.a(svc.o)
                0x0000000000004f5c                svcMapDeviceAddressSpaceAligned
 .text.svcUnmapDeviceAddressSpace
                0x0000000000004f64        0x8 E:/SmashProjects/EveryoneHasWitchTime/code-mod-framework/lib/libnx_min/nx/lib\libnx_min.a(svc.o)
                0x0000000000004f64                svcUnmapDeviceAddressSpace
 .text.svcDebugActiveProcess
                0x0000000000004f6c       0x14 E:/SmashProjects/EveryoneHasWitchTime/code-mod-framework/lib/libnx_min/nx/lib\libnx_min.a(svc.o)
                0x0000000000004f6c                svcDebugActiveProcess
 .text.svcBreakDebugProcess
                0x0000000000004f80        0x8 E:/SmashProjects/EveryoneHasWitchTime/code-mod-framework/lib/libnx_min/nx/lib\libnx_min.a(svc.o)
                0x0000000000004f80                svcBreakDebugProcess
 .text.svcTerminateDebugProcess
                0x0000000000004f88        0x8 E:/SmashProjects/EveryoneHasWitchTime/code-mod-framework/lib/libnx_min/nx/lib\libnx_min.a(svc.o)
                0x0000000000004f88                svcTerminateDebugProcess
 .text.svcGetDebugEvent
                0x0000000000004f90        0x8 E:/SmashProjects/EveryoneHasWitchTime/code-mod-framework/lib/libnx_min/nx/lib\libnx_min.a(svc.o)
                0x0000000000004f90                svcGetDebugEvent
 .text.svcLegacyContinueDebugEvent
                0x0000000000004f98        0x8 E:/SmashProjects/EveryoneHasWitchTime/code-mod-framework/lib/libnx_min/nx/lib\libnx_min.a(svc.o)
                0x0000000000004f98                svcLegacyContinueDebugEvent
 .text.svcContinueDebugEvent
                0x0000000000004fa0        0x8 E:/SmashProjects/EveryoneHasWitchTime/code-mod-framework/lib/libnx_min/nx/lib\libnx_min.a(svc.o)
                0x0000000000004fa0                svcContinueDebugEvent
 .text.svcGetProcessList
                0x0000000000004fa8       0x14 E:/SmashProjects/EveryoneHasWitchTime/code-mod-framework/lib/libnx_min/nx/lib\libnx_min.a(svc.o)
                0x0000000000004fa8                svcGetProcessList
 .text.svcGetThreadList
                0x0000000000004fbc       0x14 E:/SmashProjects/EveryoneHasWitchTime/code-mod-framework/lib/libnx_min/nx/lib\libnx_min.a(svc.o)
                0x0000000000004fbc                svcGetThreadList
 .text.svcGetDebugThreadContext
                0x0000000000004fd0        0x8 E:/SmashProjects/EveryoneHasWitchTime/code-mod-framework/lib/libnx_min/nx/lib\libnx_min.a(svc.o)
                0x0000000000004fd0                svcGetDebugThreadContext
 .text.svcSetDebugThreadContext
                0x0000000000004fd8        0x8 E:/SmashProjects/EveryoneHasWitchTime/code-mod-framework/lib/libnx_min/nx/lib\libnx_min.a(svc.o)
                0x0000000000004fd8                svcSetDebugThreadContext
 .text.svcQueryDebugProcessMemory
                0x0000000000004fe0       0x14 E:/SmashProjects/EveryoneHasWitchTime/code-mod-framework/lib/libnx_min/nx/lib\libnx_min.a(svc.o)
                0x0000000000004fe0                svcQueryDebugProcessMemory
 .text.svcReadDebugProcessMemory
                0x0000000000004ff4        0x8 E:/SmashProjects/EveryoneHasWitchTime/code-mod-framework/lib/libnx_min/nx/lib\libnx_min.a(svc.o)
                0x0000000000004ff4                svcReadDebugProcessMemory
 .text.svcWriteDebugProcessMemory
                0x0000000000004ffc        0x8 E:/SmashProjects/EveryoneHasWitchTime/code-mod-framework/lib/libnx_min/nx/lib\libnx_min.a(svc.o)
                0x0000000000004ffc                svcWriteDebugProcessMemory
 .text.svcGetDebugThreadParam
                0x0000000000005004       0x18 E:/SmashProjects/EveryoneHasWitchTime/code-mod-framework/lib/libnx_min/nx/lib\libnx_min.a(svc.o)
                0x0000000000005004                svcGetDebugThreadParam
 .text.svcGetSystemInfo
                0x000000000000501c       0x14 E:/SmashProjects/EveryoneHasWitchTime/code-mod-framework/lib/libnx_min/nx/lib\libnx_min.a(svc.o)
                0x000000000000501c                svcGetSystemInfo
 .text.svcCreatePort
                0x0000000000005030       0x18 E:/SmashProjects/EveryoneHasWitchTime/code-mod-framework/lib/libnx_min/nx/lib\libnx_min.a(svc.o)
                0x0000000000005030                svcCreatePort
 .text.svcManageNamedPort
                0x0000000000005048       0x14 E:/SmashProjects/EveryoneHasWitchTime/code-mod-framework/lib/libnx_min/nx/lib\libnx_min.a(svc.o)
                0x0000000000005048                svcManageNamedPort
 .text.svcConnectToPort
                0x000000000000505c       0x14 E:/SmashProjects/EveryoneHasWitchTime/code-mod-framework/lib/libnx_min/nx/lib\libnx_min.a(svc.o)
                0x000000000000505c                svcConnectToPort
 .text.svcSetProcessMemoryPermission
                0x0000000000005070        0x8 E:/SmashProjects/EveryoneHasWitchTime/code-mod-framework/lib/libnx_min/nx/lib\libnx_min.a(svc.o)
                0x0000000000005070                svcSetProcessMemoryPermission
 .text.svcMapProcessMemory
                0x0000000000005078        0x8 E:/SmashProjects/EveryoneHasWitchTime/code-mod-framework/lib/libnx_min/nx/lib\libnx_min.a(svc.o)
                0x0000000000005078                svcMapProcessMemory
 .text.svcUnmapProcessMemory
                0x0000000000005080        0x8 E:/SmashProjects/EveryoneHasWitchTime/code-mod-framework/lib/libnx_min/nx/lib\libnx_min.a(svc.o)
                0x0000000000005080                svcUnmapProcessMemory
 .text.svcQueryProcessMemory
                0x0000000000005088       0x14 E:/SmashProjects/EveryoneHasWitchTime/code-mod-framework/lib/libnx_min/nx/lib\libnx_min.a(svc.o)
                0x0000000000005088                svcQueryProcessMemory
 .text.svcMapProcessCodeMemory
                0x000000000000509c        0x8 E:/SmashProjects/EveryoneHasWitchTime/code-mod-framework/lib/libnx_min/nx/lib\libnx_min.a(svc.o)
                0x000000000000509c                svcMapProcessCodeMemory
 .text.svcUnmapProcessCodeMemory
                0x00000000000050a4        0x8 E:/SmashProjects/EveryoneHasWitchTime/code-mod-framework/lib/libnx_min/nx/lib\libnx_min.a(svc.o)
                0x00000000000050a4                svcUnmapProcessCodeMemory
 .text.svcCreateProcess
                0x00000000000050ac       0x14 E:/SmashProjects/EveryoneHasWitchTime/code-mod-framework/lib/libnx_min/nx/lib\libnx_min.a(svc.o)
                0x00000000000050ac                svcCreateProcess
 .text.svcStartProcess
                0x00000000000050c0        0x8 E:/SmashProjects/EveryoneHasWitchTime/code-mod-framework/lib/libnx_min/nx/lib\libnx_min.a(svc.o)
                0x00000000000050c0                svcStartProcess
 .text.svcTerminateProcess
                0x00000000000050c8        0x8 E:/SmashProjects/EveryoneHasWitchTime/code-mod-framework/lib/libnx_min/nx/lib\libnx_min.a(svc.o)
                0x00000000000050c8                svcTerminateProcess
 .text.svcGetProcessInfo
                0x00000000000050d0       0x14 E:/SmashProjects/EveryoneHasWitchTime/code-mod-framework/lib/libnx_min/nx/lib\libnx_min.a(svc.o)
                0x00000000000050d0                svcGetProcessInfo
 .text.svcCreateResourceLimit
                0x00000000000050e4       0x14 E:/SmashProjects/EveryoneHasWitchTime/code-mod-framework/lib/libnx_min/nx/lib\libnx_min.a(svc.o)
                0x00000000000050e4                svcCreateResourceLimit
 .text.svcSetResourceLimitLimitValue
                0x00000000000050f8        0x8 E:/SmashProjects/EveryoneHasWitchTime/code-mod-framework/lib/libnx_min/nx/lib\libnx_min.a(svc.o)
                0x00000000000050f8                svcSetResourceLimitLimitValue
 .text.svcCallSecureMonitor
                0x0000000000005100       0x34 E:/SmashProjects/EveryoneHasWitchTime/code-mod-framework/lib/libnx_min/nx/lib\libnx_min.a(svc.o)
                0x0000000000005100                svcCallSecureMonitor
 .text.__aarch64_read_tp
                0x0000000000005134        0xc E:/SmashProjects/EveryoneHasWitchTime/code-mod-framework/lib/libnx_min/nx/lib\libnx_min.a(readtp.o)
                0x0000000000005134                __aarch64_read_tp
 .text._GetRegionFromInfo.isra.1
                0x0000000000005140       0x7c E:/SmashProjects/EveryoneHasWitchTime/code-mod-framework/lib/libnx_min/nx/lib\libnx_min.a(virtmem.o)
 *fill*         0x00000000000051bc        0x4 
 .text.virtmemSetup
                0x00000000000051c0      0x114 E:/SmashProjects/EveryoneHasWitchTime/code-mod-framework/lib/libnx_min/nx/lib\libnx_min.a(virtmem.o)
                0x00000000000051c0                virtmemSetup
 *fill*         0x00000000000052d4        0xc 
 .text.virtmemReserve
                0x00000000000052e0      0x13c E:/SmashProjects/EveryoneHasWitchTime/code-mod-framework/lib/libnx_min/nx/lib\libnx_min.a(virtmem.o)
                0x00000000000052e0                virtmemReserve
 *fill*         0x000000000000541c        0x4 
 .text.virtmemFree
                0x0000000000005420        0x4 E:/SmashProjects/EveryoneHasWitchTime/code-mod-framework/lib/libnx_min/nx/lib\libnx_min.a(virtmem.o)
                0x0000000000005420                virtmemFree
 *fill*         0x0000000000005424        0xc 
 .text.virtmemReserveStack
                0x0000000000005430       0xc8 E:/SmashProjects/EveryoneHasWitchTime/code-mod-framework/lib/libnx_min/nx/lib\libnx_min.a(virtmem.o)
                0x0000000000005430                virtmemReserveStack
 *fill*         0x00000000000054f8        0x8 
 .text.virtmemFreeStack
                0x0000000000005500        0x4 E:/SmashProjects/EveryoneHasWitchTime/code-mod-framework/lib/libnx_min/nx/lib\libnx_min.a(virtmem.o)
                0x0000000000005500                virtmemFreeStack
 *fill*         0x0000000000005504        0xc 
 .text.mutexLock
                0x0000000000005510       0x8c E:/SmashProjects/EveryoneHasWitchTime/code-mod-framework/lib/libnx_min/nx/lib\libnx_min.a(mutex.o)
                0x0000000000005510                mutexLock
 *fill*         0x000000000000559c        0x4 
 .text.mutexTryLock
                0x00000000000055a0       0x34 E:/SmashProjects/EveryoneHasWitchTime/code-mod-framework/lib/libnx_min/nx/lib\libnx_min.a(mutex.o)
                0x00000000000055a0                mutexTryLock
 *fill*         0x00000000000055d4        0xc 
 .text.mutexUnlock
                0x00000000000055e0       0x30 E:/SmashProjects/EveryoneHasWitchTime/code-mod-framework/lib/libnx_min/nx/lib\libnx_min.a(mutex.o)
                0x00000000000055e0                mutexUnlock
 .text.rmutexLock
                0x0000000000005610       0x4c E:/SmashProjects/EveryoneHasWitchTime/code-mod-framework/lib/libnx_min/nx/lib\libnx_min.a(mutex.o)
                0x0000000000005610                rmutexLock
 *fill*         0x000000000000565c        0x4 
 .text.rmutexTryLock
                0x0000000000005660       0x5c E:/SmashProjects/EveryoneHasWitchTime/code-mod-framework/lib/libnx_min/nx/lib\libnx_min.a(mutex.o)
                0x0000000000005660                rmutexTryLock
 *fill*         0x00000000000056bc        0x4 
 .text.rmutexUnlock
                0x00000000000056c0       0x1c E:/SmashProjects/EveryoneHasWitchTime/code-mod-framework/lib/libnx_min/nx/lib\libnx_min.a(mutex.o)
                0x00000000000056c0                rmutexUnlock
 *fill*         0x00000000000056dc        0x4 
 .text.ipcPrepareHeader
                0x00000000000056e0      0x220 E:/SmashProjects/EveryoneHasWitchTime/code-mod-framework/lib/libnx_min/nx/lib\libnx_min.a(fs.o)
 .text.ipcParse
                0x0000000000005900      0x22c E:/SmashProjects/EveryoneHasWitchTime/code-mod-framework/lib/libnx_min/nx/lib\libnx_min.a(fs.o)
 *fill*         0x0000000000005b2c        0x4 
 .text.serviceIpcParse
                0x0000000000005b30       0xb0 E:/SmashProjects/EveryoneHasWitchTime/code-mod-framework/lib/libnx_min/nx/lib\libnx_min.a(fs.o)
 .text.ipcCloseObjectById
                0x0000000000005be0       0x34 E:/SmashProjects/EveryoneHasWitchTime/code-mod-framework/lib/libnx_min/nx/lib\libnx_min.a(fs.o)
 *fill*         0x0000000000005c14        0xc 
 .text._fsDeviceOperatorCheckInserted
                0x0000000000005c20      0x19c E:/SmashProjects/EveryoneHasWitchTime/code-mod-framework/lib/libnx_min/nx/lib\libnx_min.a(fs.o)
 *fill*         0x0000000000005dbc        0x4 
 .text.fsFsQueryEntry.part.12
                0x0000000000005dc0      0x274 E:/SmashProjects/EveryoneHasWitchTime/code-mod-framework/lib/libnx_min/nx/lib\libnx_min.a(fs.o)
 *fill*         0x0000000000006034        0xc 
 .text.fsInitialize
                0x0000000000006040      0x200 E:/SmashProjects/EveryoneHasWitchTime/code-mod-framework/lib/libnx_min/nx/lib\libnx_min.a(fs.o)
                0x0000000000006040                fsInitialize
 .text.fsExit   0x0000000000006240       0x9c E:/SmashProjects/EveryoneHasWitchTime/code-mod-framework/lib/libnx_min/nx/lib\libnx_min.a(fs.o)
                0x0000000000006240                fsExit
 *fill*         0x00000000000062dc        0x4 
 .text.fsGetServiceSession
                0x00000000000062e0        0xc E:/SmashProjects/EveryoneHasWitchTime/code-mod-framework/lib/libnx_min/nx/lib\libnx_min.a(fs.o)
                0x00000000000062e0                fsGetServiceSession
 *fill*         0x00000000000062ec        0x4 
 .text.fsOpenBisStorage
                0x00000000000062f0      0x1ec E:/SmashProjects/EveryoneHasWitchTime/code-mod-framework/lib/libnx_min/nx/lib\libnx_min.a(fs.o)
                0x00000000000062f0                fsOpenBisStorage
 *fill*         0x00000000000064dc        0x4 
 .text.fsOpenBisFileSystem
                0x00000000000064e0      0x170 E:/SmashProjects/EveryoneHasWitchTime/code-mod-framework/lib/libnx_min/nx/lib\libnx_min.a(fs.o)
                0x00000000000064e0                fsOpenBisFileSystem
 .text.fsMountSdcard
                0x0000000000006650      0x1cc E:/SmashProjects/EveryoneHasWitchTime/code-mod-framework/lib/libnx_min/nx/lib\libnx_min.a(fs.o)
                0x0000000000006650                fsMountSdcard
 *fill*         0x000000000000681c        0x4 
 .text.fsMountSaveData
                0x0000000000006820      0x208 E:/SmashProjects/EveryoneHasWitchTime/code-mod-framework/lib/libnx_min/nx/lib\libnx_min.a(fs.o)
                0x0000000000006820                fsMountSaveData
 *fill*         0x0000000000006a28        0x8 
 .text.fsMountSystemSaveData
                0x0000000000006a30      0x208 E:/SmashProjects/EveryoneHasWitchTime/code-mod-framework/lib/libnx_min/nx/lib\libnx_min.a(fs.o)
                0x0000000000006a30                fsMountSystemSaveData
 *fill*         0x0000000000006c38        0x8 
 .text.fsOpenSaveDataIterator
                0x0000000000006c40      0x1e0 E:/SmashProjects/EveryoneHasWitchTime/code-mod-framework/lib/libnx_min/nx/lib\libnx_min.a(fs.o)
                0x0000000000006c40                fsOpenSaveDataIterator
 .text.fsOpenContentStorageFileSystem
                0x0000000000006e20      0x1d4 E:/SmashProjects/EveryoneHasWitchTime/code-mod-framework/lib/libnx_min/nx/lib\libnx_min.a(fs.o)
                0x0000000000006e20                fsOpenContentStorageFileSystem
 *fill*         0x0000000000006ff4        0xc 
 .text.fsOpenDataStorageByCurrentProcess
                0x0000000000007000      0x1cc E:/SmashProjects/EveryoneHasWitchTime/code-mod-framework/lib/libnx_min/nx/lib\libnx_min.a(fs.o)
                0x0000000000007000                fsOpenDataStorageByCurrentProcess
 *fill*         0x00000000000071cc        0x4 
 .text.fsOpenDataStorageByDataId
                0x00000000000071d0      0x200 E:/SmashProjects/EveryoneHasWitchTime/code-mod-framework/lib/libnx_min/nx/lib\libnx_min.a(fs.o)
                0x00000000000071d0                fsOpenDataStorageByDataId
 .text.fsOpenDeviceOperator
                0x00000000000073d0      0x1cc E:/SmashProjects/EveryoneHasWitchTime/code-mod-framework/lib/libnx_min/nx/lib\libnx_min.a(fs.o)
                0x00000000000073d0                fsOpenDeviceOperator
 *fill*         0x000000000000759c        0x4 
 .text.fsOpenSdCardDetectionEventNotifier
                0x00000000000075a0      0x1cc E:/SmashProjects/EveryoneHasWitchTime/code-mod-framework/lib/libnx_min/nx/lib\libnx_min.a(fs.o)
                0x00000000000075a0                fsOpenSdCardDetectionEventNotifier
 *fill*         0x000000000000776c        0x4 
 .text.fsGetRightsIdByPath
                0x0000000000007770      0x174 E:/SmashProjects/EveryoneHasWitchTime/code-mod-framework/lib/libnx_min/nx/lib\libnx_min.a(fs.o)
                0x0000000000007770                fsGetRightsIdByPath
 *fill*         0x00000000000078e4        0xc 
 .text.fsGetRightsIdAndKeyGenerationByPath
                0x00000000000078f0      0x184 E:/SmashProjects/EveryoneHasWitchTime/code-mod-framework/lib/libnx_min/nx/lib\libnx_min.a(fs.o)
                0x00000000000078f0                fsGetRightsIdAndKeyGenerationByPath
 *fill*         0x0000000000007a74        0xc 
 .text.fsIsExFatSupported
                0x0000000000007a80      0x138 E:/SmashProjects/EveryoneHasWitchTime/code-mod-framework/lib/libnx_min/nx/lib\libnx_min.a(fs.o)
                0x0000000000007a80                fsIsExFatSupported
 *fill*         0x0000000000007bb8        0x8 
 .text.fsMount_SaveData
                0x0000000000007bc0       0x3c E:/SmashProjects/EveryoneHasWitchTime/code-mod-framework/lib/libnx_min/nx/lib\libnx_min.a(fs.o)
                0x0000000000007bc0                fsMount_SaveData
 *fill*         0x0000000000007bfc        0x4 
 .text.fsMount_SystemSaveData
                0x0000000000007c00       0x30 E:/SmashProjects/EveryoneHasWitchTime/code-mod-framework/lib/libnx_min/nx/lib\libnx_min.a(fs.o)
                0x0000000000007c00                fsMount_SystemSaveData
 .text.fsOpenFileSystemWithId
                0x0000000000007c30      0x248 E:/SmashProjects/EveryoneHasWitchTime/code-mod-framework/lib/libnx_min/nx/lib\libnx_min.a(fs.o)
                0x0000000000007c30                fsOpenFileSystemWithId
 *fill*         0x0000000000007e78        0x8 
 .text.fsOpenFileSystem
                0x0000000000007e80       0x10 E:/SmashProjects/EveryoneHasWitchTime/code-mod-framework/lib/libnx_min/nx/lib\libnx_min.a(fs.o)
                0x0000000000007e80                fsOpenFileSystem
 .text.fsOpenFileSystemWithPatch
                0x0000000000007e90      0x184 E:/SmashProjects/EveryoneHasWitchTime/code-mod-framework/lib/libnx_min/nx/lib\libnx_min.a(fs.o)
                0x0000000000007e90                fsOpenFileSystemWithPatch
 *fill*         0x0000000000008014        0xc 
 .text.fsFsCreateFile
                0x0000000000008020      0x1a4 E:/SmashProjects/EveryoneHasWitchTime/code-mod-framework/lib/libnx_min/nx/lib\libnx_min.a(fs.o)
                0x0000000000008020                fsFsCreateFile
 *fill*         0x00000000000081c4        0xc 
 .text.fsFsDeleteFile
                0x00000000000081d0      0x19c E:/SmashProjects/EveryoneHasWitchTime/code-mod-framework/lib/libnx_min/nx/lib\libnx_min.a(fs.o)
                0x00000000000081d0                fsFsDeleteFile
 *fill*         0x000000000000836c        0x4 
 .text.fsFsCreateDirectory
                0x0000000000008370      0x19c E:/SmashProjects/EveryoneHasWitchTime/code-mod-framework/lib/libnx_min/nx/lib\libnx_min.a(fs.o)
                0x0000000000008370                fsFsCreateDirectory
 *fill*         0x000000000000850c        0x4 
 .text.fsFsDeleteDirectory
                0x0000000000008510      0x19c E:/SmashProjects/EveryoneHasWitchTime/code-mod-framework/lib/libnx_min/nx/lib\libnx_min.a(fs.o)
                0x0000000000008510                fsFsDeleteDirectory
 *fill*         0x00000000000086ac        0x4 
 .text.fsFsDeleteDirectoryRecursively
                0x00000000000086b0      0x19c E:/SmashProjects/EveryoneHasWitchTime/code-mod-framework/lib/libnx_min/nx/lib\libnx_min.a(fs.o)
                0x00000000000086b0                fsFsDeleteDirectoryRecursively
 *fill*         0x000000000000884c        0x4 
 .text.fsFsRenameFile
                0x0000000000008850      0x214 E:/SmashProjects/EveryoneHasWitchTime/code-mod-framework/lib/libnx_min/nx/lib\libnx_min.a(fs.o)
                0x0000000000008850                fsFsRenameFile
 *fill*         0x0000000000008a64        0xc 
 .text.fsFsRenameDirectory
                0x0000000000008a70      0x214 E:/SmashProjects/EveryoneHasWitchTime/code-mod-framework/lib/libnx_min/nx/lib\libnx_min.a(fs.o)
                0x0000000000008a70                fsFsRenameDirectory
 *fill*         0x0000000000008c84        0xc 
 .text.fsFsGetEntryType
                0x0000000000008c90      0x1b0 E:/SmashProjects/EveryoneHasWitchTime/code-mod-framework/lib/libnx_min/nx/lib\libnx_min.a(fs.o)
                0x0000000000008c90                fsFsGetEntryType
 .text.fsFsOpenFile
                0x0000000000008e40      0x1e4 E:/SmashProjects/EveryoneHasWitchTime/code-mod-framework/lib/libnx_min/nx/lib\libnx_min.a(fs.o)
                0x0000000000008e40                fsFsOpenFile
 *fill*         0x0000000000009024        0xc 
 .text.fsFsOpenDirectory
                0x0000000000009030      0x1f8 E:/SmashProjects/EveryoneHasWitchTime/code-mod-framework/lib/libnx_min/nx/lib\libnx_min.a(fs.o)
                0x0000000000009030                fsFsOpenDirectory
 *fill*         0x0000000000009228        0x8 
 .text.fsFsCommit
                0x0000000000009230      0x17c E:/SmashProjects/EveryoneHasWitchTime/code-mod-framework/lib/libnx_min/nx/lib\libnx_min.a(fs.o)
                0x0000000000009230                fsFsCommit
 *fill*         0x00000000000093ac        0x4 
 .text.fsFsGetFreeSpace
                0x00000000000093b0      0x1b0 E:/SmashProjects/EveryoneHasWitchTime/code-mod-framework/lib/libnx_min/nx/lib\libnx_min.a(fs.o)
                0x00000000000093b0                fsFsGetFreeSpace
 .text.fsFsGetTotalSpace
                0x0000000000009560      0x1b0 E:/SmashProjects/EveryoneHasWitchTime/code-mod-framework/lib/libnx_min/nx/lib\libnx_min.a(fs.o)
                0x0000000000009560                fsFsGetTotalSpace
 .text.fsFsCleanDirectoryRecursively
                0x0000000000009710      0x140 E:/SmashProjects/EveryoneHasWitchTime/code-mod-framework/lib/libnx_min/nx/lib\libnx_min.a(fs.o)
                0x0000000000009710                fsFsCleanDirectoryRecursively
 .text.fsFsGetFileTimeStampRaw
                0x0000000000009850      0x194 E:/SmashProjects/EveryoneHasWitchTime/code-mod-framework/lib/libnx_min/nx/lib\libnx_min.a(fs.o)
                0x0000000000009850                fsFsGetFileTimeStampRaw
 *fill*         0x00000000000099e4        0xc 
 .text.fsFsQueryEntry
                0x00000000000099f0       0x60 E:/SmashProjects/EveryoneHasWitchTime/code-mod-framework/lib/libnx_min/nx/lib\libnx_min.a(fs.o)
                0x00000000000099f0                fsFsQueryEntry
 .text.fsFsSetArchiveBit
                0x0000000000009a50       0x1c E:/SmashProjects/EveryoneHasWitchTime/code-mod-framework/lib/libnx_min/nx/lib\libnx_min.a(fs.o)
                0x0000000000009a50                fsFsSetArchiveBit
 *fill*         0x0000000000009a6c        0x4 
 .text.fsFsClose
                0x0000000000009a70       0x6c E:/SmashProjects/EveryoneHasWitchTime/code-mod-framework/lib/libnx_min/nx/lib\libnx_min.a(fs.o)
                0x0000000000009a70                fsFsClose
 *fill*         0x0000000000009adc        0x4 
 .text.fsFileRead
                0x0000000000009ae0      0x1f8 E:/SmashProjects/EveryoneHasWitchTime/code-mod-framework/lib/libnx_min/nx/lib\libnx_min.a(fs.o)
                0x0000000000009ae0                fsFileRead
 *fill*         0x0000000000009cd8        0x8 
 .text.fsFileWrite
                0x0000000000009ce0      0x1cc E:/SmashProjects/EveryoneHasWitchTime/code-mod-framework/lib/libnx_min/nx/lib\libnx_min.a(fs.o)
                0x0000000000009ce0                fsFileWrite
 *fill*         0x0000000000009eac        0x4 
 .text.fsFileFlush
                0x0000000000009eb0      0x17c E:/SmashProjects/EveryoneHasWitchTime/code-mod-framework/lib/libnx_min/nx/lib\libnx_min.a(fs.o)
                0x0000000000009eb0                fsFileFlush
 *fill*         0x000000000000a02c        0x4 
 .text.fsFileSetSize
                0x000000000000a030      0x18c E:/SmashProjects/EveryoneHasWitchTime/code-mod-framework/lib/libnx_min/nx/lib\libnx_min.a(fs.o)
                0x000000000000a030                fsFileSetSize
 *fill*         0x000000000000a1bc        0x4 
 .text.fsFileGetSize
                0x000000000000a1c0      0x194 E:/SmashProjects/EveryoneHasWitchTime/code-mod-framework/lib/libnx_min/nx/lib\libnx_min.a(fs.o)
                0x000000000000a1c0                fsFileGetSize
 *fill*         0x000000000000a354        0xc 
 .text.fsFileOperateRange
                0x000000000000a360      0x180 E:/SmashProjects/EveryoneHasWitchTime/code-mod-framework/lib/libnx_min/nx/lib\libnx_min.a(fs.o)
                0x000000000000a360                fsFileOperateRange
 .text.fsFileClose
                0x000000000000a4e0       0x6c E:/SmashProjects/EveryoneHasWitchTime/code-mod-framework/lib/libnx_min/nx/lib\libnx_min.a(fs.o)
                0x000000000000a4e0                fsFileClose
 *fill*         0x000000000000a54c        0x4 
 .text.fsDirClose
                0x000000000000a550       0x6c E:/SmashProjects/EveryoneHasWitchTime/code-mod-framework/lib/libnx_min/nx/lib\libnx_min.a(fs.o)
                0x000000000000a550                fsDirClose
 *fill*         0x000000000000a5bc        0x4 
 .text.fsDirRead
                0x000000000000a5c0      0x1ec E:/SmashProjects/EveryoneHasWitchTime/code-mod-framework/lib/libnx_min/nx/lib\libnx_min.a(fs.o)
                0x000000000000a5c0                fsDirRead
 *fill*         0x000000000000a7ac        0x4 
 .text.fsDirGetEntryCount
                0x000000000000a7b0      0x198 E:/SmashProjects/EveryoneHasWitchTime/code-mod-framework/lib/libnx_min/nx/lib\libnx_min.a(fs.o)
                0x000000000000a7b0                fsDirGetEntryCount
 *fill*         0x000000000000a948        0x8 
 .text.fsStorageRead
                0x000000000000a950      0x1d0 E:/SmashProjects/EveryoneHasWitchTime/code-mod-framework/lib/libnx_min/nx/lib\libnx_min.a(fs.o)
                0x000000000000a950                fsStorageRead
 .text.fsStorageWrite
                0x000000000000ab20      0x1d0 E:/SmashProjects/EveryoneHasWitchTime/code-mod-framework/lib/libnx_min/nx/lib\libnx_min.a(fs.o)
                0x000000000000ab20                fsStorageWrite
 .text.fsStorageFlush
                0x000000000000acf0      0x17c E:/SmashProjects/EveryoneHasWitchTime/code-mod-framework/lib/libnx_min/nx/lib\libnx_min.a(fs.o)
                0x000000000000acf0                fsStorageFlush
 *fill*         0x000000000000ae6c        0x4 
 .text.fsStorageSetSize
                0x000000000000ae70      0x18c E:/SmashProjects/EveryoneHasWitchTime/code-mod-framework/lib/libnx_min/nx/lib\libnx_min.a(fs.o)
                0x000000000000ae70                fsStorageSetSize
 *fill*         0x000000000000affc        0x4 
 .text.fsStorageGetSize
                0x000000000000b000      0x194 E:/SmashProjects/EveryoneHasWitchTime/code-mod-framework/lib/libnx_min/nx/lib\libnx_min.a(fs.o)
                0x000000000000b000                fsStorageGetSize
 *fill*         0x000000000000b194        0xc 
 .text.fsStorageOperateRange
                0x000000000000b1a0      0x180 E:/SmashProjects/EveryoneHasWitchTime/code-mod-framework/lib/libnx_min/nx/lib\libnx_min.a(fs.o)
                0x000000000000b1a0                fsStorageOperateRange
 .text.fsStorageClose
                0x000000000000b320       0x6c E:/SmashProjects/EveryoneHasWitchTime/code-mod-framework/lib/libnx_min/nx/lib\libnx_min.a(fs.o)
                0x000000000000b320                fsStorageClose
 *fill*         0x000000000000b38c        0x4 
 .text.fsSaveDataIteratorRead
                0x000000000000b390      0x1d0 E:/SmashProjects/EveryoneHasWitchTime/code-mod-framework/lib/libnx_min/nx/lib\libnx_min.a(fs.o)
                0x000000000000b390                fsSaveDataIteratorRead
 .text.fsSaveDataIteratorClose
                0x000000000000b560       0x6c E:/SmashProjects/EveryoneHasWitchTime/code-mod-framework/lib/libnx_min/nx/lib\libnx_min.a(fs.o)
                0x000000000000b560                fsSaveDataIteratorClose
 *fill*         0x000000000000b5cc        0x4 
 .text.fsEventNotifierGetEventHandle
                0x000000000000b5d0      0x188 E:/SmashProjects/EveryoneHasWitchTime/code-mod-framework/lib/libnx_min/nx/lib\libnx_min.a(fs.o)
                0x000000000000b5d0                fsEventNotifierGetEventHandle
 *fill*         0x000000000000b758        0x8 
 .text.fsEventNotifierClose
                0x000000000000b760       0x6c E:/SmashProjects/EveryoneHasWitchTime/code-mod-framework/lib/libnx_min/nx/lib\libnx_min.a(fs.o)
                0x000000000000b760                fsEventNotifierClose
 *fill*         0x000000000000b7cc        0x4 
 .text.fsDeviceOperatorIsSdCardInserted
                0x000000000000b7d0        0xc E:/SmashProjects/EveryoneHasWitchTime/code-mod-framework/lib/libnx_min/nx/lib\libnx_min.a(fs.o)
                0x000000000000b7d0                fsDeviceOperatorIsSdCardInserted
 *fill*         0x000000000000b7dc        0x4 
 .text.fsDeviceOperatorIsGameCardInserted
                0x000000000000b7e0        0xc E:/SmashProjects/EveryoneHasWitchTime/code-mod-framework/lib/libnx_min/nx/lib\libnx_min.a(fs.o)
                0x000000000000b7e0                fsDeviceOperatorIsGameCardInserted
 *fill*         0x000000000000b7ec        0x4 
 .text.fsDeviceOperatorGetGameCardHandle
                0x000000000000b7f0      0x190 E:/SmashProjects/EveryoneHasWitchTime/code-mod-framework/lib/libnx_min/nx/lib\libnx_min.a(fs.o)
                0x000000000000b7f0                fsDeviceOperatorGetGameCardHandle
 .text.fsDeviceOperatorGetGameCardAttribute
                0x000000000000b980      0x18c E:/SmashProjects/EveryoneHasWitchTime/code-mod-framework/lib/libnx_min/nx/lib\libnx_min.a(fs.o)
                0x000000000000b980                fsDeviceOperatorGetGameCardAttribute
 *fill*         0x000000000000bb0c        0x4 
 .text.fsDeviceOperatorClose
                0x000000000000bb10       0x6c E:/SmashProjects/EveryoneHasWitchTime/code-mod-framework/lib/libnx_min/nx/lib\libnx_min.a(fs.o)
                0x000000000000bb10                fsDeviceOperatorClose
 *fill*         0x000000000000bb7c        0x4 
 .text.ipcCloseObjectById
                0x000000000000bb80       0x34 E:/SmashProjects/EveryoneHasWitchTime/code-mod-framework/lib/libnx_min/nx/lib\libnx_min.a(set.o)
 *fill*         0x000000000000bbb4        0xc 
 .text._setMakeLanguageCode
                0x000000000000bbc0       0xf4 E:/SmashProjects/EveryoneHasWitchTime/code-mod-framework/lib/libnx_min/nx/lib\libnx_min.a(set.o)
 *fill*         0x000000000000bcb4        0xc 
 .text._setsysGetFirmwareVersionImpl
                0x000000000000bcc0      0x1d4 E:/SmashProjects/EveryoneHasWitchTime/code-mod-framework/lib/libnx_min/nx/lib\libnx_min.a(set.o)
 *fill*         0x000000000000be94        0xc 
 .text.setInitialize
                0x000000000000bea0       0x44 E:/SmashProjects/EveryoneHasWitchTime/code-mod-framework/lib/libnx_min/nx/lib\libnx_min.a(set.o)
                0x000000000000bea0                setInitialize
 *fill*         0x000000000000bee4        0xc 
 .text.setExit  0x000000000000bef0       0x9c E:/SmashProjects/EveryoneHasWitchTime/code-mod-framework/lib/libnx_min/nx/lib\libnx_min.a(set.o)
                0x000000000000bef0                setExit
 *fill*         0x000000000000bf8c        0x4 
 .text.setsysInitialize
                0x000000000000bf90       0x3c E:/SmashProjects/EveryoneHasWitchTime/code-mod-framework/lib/libnx_min/nx/lib\libnx_min.a(set.o)
                0x000000000000bf90                setsysInitialize
 *fill*         0x000000000000bfcc        0x4 
 .text.setsysExit
                0x000000000000bfd0       0x9c E:/SmashProjects/EveryoneHasWitchTime/code-mod-framework/lib/libnx_min/nx/lib\libnx_min.a(set.o)
                0x000000000000bfd0                setsysExit
 *fill*         0x000000000000c06c        0x4 
 .text.setGetLanguageCode
                0x000000000000c070       0xec E:/SmashProjects/EveryoneHasWitchTime/code-mod-framework/lib/libnx_min/nx/lib\libnx_min.a(set.o)
                0x000000000000c070                setGetLanguageCode
 *fill*         0x000000000000c15c        0x4 
 .text.setGetSystemLanguage
                0x000000000000c160        0x4 E:/SmashProjects/EveryoneHasWitchTime/code-mod-framework/lib/libnx_min/nx/lib\libnx_min.a(set.o)
                0x000000000000c160                setGetSystemLanguage
 *fill*         0x000000000000c164        0xc 
 .text.setGetAvailableLanguageCodeCount
                0x000000000000c170      0x10c E:/SmashProjects/EveryoneHasWitchTime/code-mod-framework/lib/libnx_min/nx/lib\libnx_min.a(set.o)
                0x000000000000c170                setGetAvailableLanguageCodeCount
 *fill*         0x000000000000c27c        0x4 
 .text.setGetAvailableLanguageCodes
                0x000000000000c280      0x1b4 E:/SmashProjects/EveryoneHasWitchTime/code-mod-framework/lib/libnx_min/nx/lib\libnx_min.a(set.o)
                0x000000000000c280                setGetAvailableLanguageCodes
 *fill*         0x000000000000c434        0xc 
 .text.setInitializeLanguageCodesCache
                0x000000000000c440       0x70 E:/SmashProjects/EveryoneHasWitchTime/code-mod-framework/lib/libnx_min/nx/lib\libnx_min.a(set.o)
 .text.setMakeLanguage
                0x000000000000c4b0       0x8c E:/SmashProjects/EveryoneHasWitchTime/code-mod-framework/lib/libnx_min/nx/lib\libnx_min.a(set.o)
                0x000000000000c4b0                setMakeLanguage
 *fill*         0x000000000000c53c        0x4 
 .text.setMakeLanguageCode
                0x000000000000c540       0x80 E:/SmashProjects/EveryoneHasWitchTime/code-mod-framework/lib/libnx_min/nx/lib\libnx_min.a(set.o)
                0x000000000000c540                setMakeLanguageCode
 .text.setGetRegionCode
                0x000000000000c5c0       0xf0 E:/SmashProjects/EveryoneHasWitchTime/code-mod-framework/lib/libnx_min/nx/lib\libnx_min.a(set.o)
                0x000000000000c5c0                setGetRegionCode
 .text.setsysGetColorSetId
                0x000000000000c6b0       0xe4 E:/SmashProjects/EveryoneHasWitchTime/code-mod-framework/lib/libnx_min/nx/lib\libnx_min.a(set.o)
                0x000000000000c6b0                setsysGetColorSetId
 *fill*         0x000000000000c794        0xc 
 .text.setsysSetColorSetId
                0x000000000000c7a0       0xd0 E:/SmashProjects/EveryoneHasWitchTime/code-mod-framework/lib/libnx_min/nx/lib\libnx_min.a(set.o)
                0x000000000000c7a0                setsysSetColorSetId
 .text.setsysGetSettingsItemValue
                0x000000000000c870      0x19c E:/SmashProjects/EveryoneHasWitchTime/code-mod-framework/lib/libnx_min/nx/lib\libnx_min.a(set.o)
                0x000000000000c870                setsysGetSettingsItemValue
 *fill*         0x000000000000ca0c        0x4 
 .text.setsysGetSettingsItemValueSize
                0x000000000000ca10      0x198 E:/SmashProjects/EveryoneHasWitchTime/code-mod-framework/lib/libnx_min/nx/lib\libnx_min.a(set.o)
                0x000000000000ca10                setsysGetSettingsItemValueSize
 *fill*         0x000000000000cba8        0x8 
 .text.setsysGetSerialNumber
                0x000000000000cbb0      0x108 E:/SmashProjects/EveryoneHasWitchTime/code-mod-framework/lib/libnx_min/nx/lib\libnx_min.a(set.o)
                0x000000000000cbb0                setsysGetSerialNumber
 *fill*         0x000000000000ccb8        0x8 
 .text.setsysGetFlag
                0x000000000000ccc0       0xec E:/SmashProjects/EveryoneHasWitchTime/code-mod-framework/lib/libnx_min/nx/lib\libnx_min.a(set.o)
                0x000000000000ccc0                setsysGetFlag
 *fill*         0x000000000000cdac        0x4 
 .text.setsysSetFlag
                0x000000000000cdb0       0xd0 E:/SmashProjects/EveryoneHasWitchTime/code-mod-framework/lib/libnx_min/nx/lib\libnx_min.a(set.o)
                0x000000000000cdb0                setsysSetFlag
 .text.setsysGetFirmwareVersion
                0x000000000000ce80       0x44 E:/SmashProjects/EveryoneHasWitchTime/code-mod-framework/lib/libnx_min/nx/lib\libnx_min.a(set.o)
                0x000000000000ce80                setsysGetFirmwareVersion
 *fill*         0x000000000000cec4        0xc 
 .text.setsysBindFatalDirtyFlagEvent
                0x000000000000ced0      0x13c E:/SmashProjects/EveryoneHasWitchTime/code-mod-framework/lib/libnx_min/nx/lib\libnx_min.a(set.o)
                0x000000000000ced0                setsysBindFatalDirtyFlagEvent
 *fill*         0x000000000000d00c        0x4 
 .text.setsysGetFatalDirtyFlags
                0x000000000000d010       0xf8 E:/SmashProjects/EveryoneHasWitchTime/code-mod-framework/lib/libnx_min/nx/lib\libnx_min.a(set.o)
                0x000000000000d010                setsysGetFatalDirtyFlags
 *fill*         0x000000000000d108        0x8 
 .text.setsysGetDeviceNickname
                0x000000000000d110       0xf8 E:/SmashProjects/EveryoneHasWitchTime/code-mod-framework/lib/libnx_min/nx/lib\libnx_min.a(set.o)
                0x000000000000d110                setsysGetDeviceNickname
 *fill*         0x000000000000d208        0x8 
 .text.setsysSetDeviceNickname
                0x000000000000d210      0x134 E:/SmashProjects/EveryoneHasWitchTime/code-mod-framework/lib/libnx_min/nx/lib\libnx_min.a(set.o)
                0x000000000000d210                setsysSetDeviceNickname
 *fill*         0x000000000000d344        0xc 
 .text._fatalImpl
                0x000000000000d350      0x140 E:/SmashProjects/EveryoneHasWitchTime/code-mod-framework/lib/libnx_min/nx/lib\libnx_min.a(fatal.o)
 .text.fatalWithType
                0x000000000000d490       0x14 E:/SmashProjects/EveryoneHasWitchTime/code-mod-framework/lib/libnx_min/nx/lib\libnx_min.a(fatal.o)
                0x000000000000d490                fatalWithType
 *fill*         0x000000000000d4a4        0xc 
 .text.fatalSimple
                0x000000000000d4b0       0x14 E:/SmashProjects/EveryoneHasWitchTime/code-mod-framework/lib/libnx_min/nx/lib\libnx_min.a(fatal.o)
                0x000000000000d4b0                fatalSimple
 *fill*         0x000000000000d4c4        0xc 
 .text.fatalWithContext
                0x000000000000d4d0       0x14 E:/SmashProjects/EveryoneHasWitchTime/code-mod-framework/lib/libnx_min/nx/lib\libnx_min.a(fatal.o)
                0x000000000000d4d0                fatalWithContext
 *fill*         0x000000000000d4e4        0xc 
 .text.ipcCloseObjectById
                0x000000000000d4f0       0x34 E:/SmashProjects/EveryoneHasWitchTime/code-mod-framework/lib/libnx_min/nx/lib\libnx_min.a(sm.o)
 *fill*         0x000000000000d524        0xc 
 .text.smAddOverrideHandle
                0x000000000000d530       0x44 E:/SmashProjects/EveryoneHasWitchTime/code-mod-framework/lib/libnx_min/nx/lib\libnx_min.a(sm.o)
                0x000000000000d530                smAddOverrideHandle
 *fill*         0x000000000000d574        0xc 
 .text.smGetServiceOverride
                0x000000000000d580       0x60 E:/SmashProjects/EveryoneHasWitchTime/code-mod-framework/lib/libnx_min/nx/lib\libnx_min.a(sm.o)
                0x000000000000d580                smGetServiceOverride
 .text.smHasInitialized
                0x000000000000d5e0       0x14 E:/SmashProjects/EveryoneHasWitchTime/code-mod-framework/lib/libnx_min/nx/lib\libnx_min.a(sm.o)
                0x000000000000d5e0                smHasInitialized
 *fill*         0x000000000000d5f4        0xc 
 .text.smExit   0x000000000000d600       0x9c E:/SmashProjects/EveryoneHasWitchTime/code-mod-framework/lib/libnx_min/nx/lib\libnx_min.a(sm.o)
                0x000000000000d600                smExit
 *fill*         0x000000000000d69c        0x4 
 .text.smGetServiceSession
                0x000000000000d6a0        0xc E:/SmashProjects/EveryoneHasWitchTime/code-mod-framework/lib/libnx_min/nx/lib\libnx_min.a(sm.o)
                0x000000000000d6a0                smGetServiceSession
 *fill*         0x000000000000d6ac        0x4 
 .text.smEncodeName
                0x000000000000d6b0       0x38 E:/SmashProjects/EveryoneHasWitchTime/code-mod-framework/lib/libnx_min/nx/lib\libnx_min.a(sm.o)
                0x000000000000d6b0                smEncodeName
 *fill*         0x000000000000d6e8        0x8 
 .text.smGetServiceOriginal
                0x000000000000d6f0      0x22c E:/SmashProjects/EveryoneHasWitchTime/code-mod-framework/lib/libnx_min/nx/lib\libnx_min.a(sm.o)
                0x000000000000d6f0                smGetServiceOriginal
 *fill*         0x000000000000d91c        0x4 
 .text.smInitialize
                0x000000000000d920      0x27c E:/SmashProjects/EveryoneHasWitchTime/code-mod-framework/lib/libnx_min/nx/lib\libnx_min.a(sm.o)
                0x000000000000d920                smInitialize
 *fill*         0x000000000000db9c        0x4 
 .text.smGetService
                0x000000000000dba0       0x74 E:/SmashProjects/EveryoneHasWitchTime/code-mod-framework/lib/libnx_min/nx/lib\libnx_min.a(sm.o)
                0x000000000000dba0                smGetService
 *fill*         0x000000000000dc14        0xc 
 .text.smRegisterService
                0x000000000000dc20      0x25c E:/SmashProjects/EveryoneHasWitchTime/code-mod-framework/lib/libnx_min/nx/lib\libnx_min.a(sm.o)
                0x000000000000dc20                smRegisterService
 *fill*         0x000000000000de7c        0x4 
 .text.smUnregisterService
                0x000000000000de80      0x1ac E:/SmashProjects/EveryoneHasWitchTime/code-mod-framework/lib/libnx_min/nx/lib\libnx_min.a(sm.o)
                0x000000000000de80                smUnregisterService
 *fill*         0x000000000000e02c        0x4 
 .text._hidGetDeviceHandles.part.7
                0x000000000000e030       0xec E:/SmashProjects/EveryoneHasWitchTime/code-mod-framework/lib/libnx_min/nx/lib\libnx_min.a(hid.o)
 *fill*         0x000000000000e11c        0x4 
 .text.ipcCloseObjectById
                0x000000000000e120       0x34 E:/SmashProjects/EveryoneHasWitchTime/code-mod-framework/lib/libnx_min/nx/lib\libnx_min.a(hid.o)
 *fill*         0x000000000000e154        0xc 
 .text._hidActivateVibrationDevice
                0x000000000000e160       0xc8 E:/SmashProjects/EveryoneHasWitchTime/code-mod-framework/lib/libnx_min/nx/lib\libnx_min.a(hid.o)
 *fill*         0x000000000000e228        0x8 
 .text._hidGetSharedMemoryHandle.constprop.17
                0x000000000000e230      0x124 E:/SmashProjects/EveryoneHasWitchTime/code-mod-framework/lib/libnx_min/nx/lib\libnx_min.a(hid.o)
 *fill*         0x000000000000e354        0xc 
 .text._hidCreateActiveVibrationDeviceList
                0x000000000000e360      0x134 E:/SmashProjects/EveryoneHasWitchTime/code-mod-framework/lib/libnx_min/nx/lib\libnx_min.a(hid.o)
 *fill*         0x000000000000e494        0xc 
 .text._hidCmdWithNoInput
                0x000000000000e4a0      0x100 E:/SmashProjects/EveryoneHasWitchTime/code-mod-framework/lib/libnx_min/nx/lib\libnx_min.a(hid.o)
 .text._hidCreateAppletResource.constprop.16
                0x000000000000e5a0      0x134 E:/SmashProjects/EveryoneHasWitchTime/code-mod-framework/lib/libnx_min/nx/lib\libnx_min.a(hid.o)
 *fill*         0x000000000000e6d4        0xc 
 .text._hidCmdWithInputU32
                0x000000000000e6e0      0x10c E:/SmashProjects/EveryoneHasWitchTime/code-mod-framework/lib/libnx_min/nx/lib\libnx_min.a(hid.o)
 *fill*         0x000000000000e7ec        0x4 
 .text._hidCmdWithInputU64.constprop.18
                0x000000000000e7f0      0x108 E:/SmashProjects/EveryoneHasWitchTime/code-mod-framework/lib/libnx_min/nx/lib\libnx_min.a(hid.o)
 *fill*         0x000000000000e8f8        0x8 
 .text._hidInitializeSevenSixAxisSensor.isra.11.constprop.19
                0x000000000000e900      0x1f8 E:/SmashProjects/EveryoneHasWitchTime/code-mod-framework/lib/libnx_min/nx/lib\libnx_min.a(hid.o)
 *fill*         0x000000000000eaf8        0x8 
 .text.hidReset
                0x000000000000eb00      0x1f8 E:/SmashProjects/EveryoneHasWitchTime/code-mod-framework/lib/libnx_min/nx/lib\libnx_min.a(hid.o)
                0x000000000000eb00                hidReset
 *fill*         0x000000000000ecf8        0x8 
 .text.hidGetSessionService
                0x000000000000ed00        0xc E:/SmashProjects/EveryoneHasWitchTime/code-mod-framework/lib/libnx_min/nx/lib\libnx_min.a(hid.o)
                0x000000000000ed00                hidGetSessionService
 *fill*         0x000000000000ed0c        0x4 
 .text.hidGetSharedmemAddr
                0x000000000000ed10        0xc E:/SmashProjects/EveryoneHasWitchTime/code-mod-framework/lib/libnx_min/nx/lib\libnx_min.a(hid.o)
                0x000000000000ed10                hidGetSharedmemAddr
 *fill*         0x000000000000ed1c        0x4 
 .text.hidSetControllerLayout
                0x000000000000ed20       0x54 E:/SmashProjects/EveryoneHasWitchTime/code-mod-framework/lib/libnx_min/nx/lib\libnx_min.a(hid.o)
                0x000000000000ed20                hidSetControllerLayout
 *fill*         0x000000000000ed74        0xc 
 .text.hidGetControllerLayout
                0x000000000000ed80       0x50 E:/SmashProjects/EveryoneHasWitchTime/code-mod-framework/lib/libnx_min/nx/lib\libnx_min.a(hid.o)
                0x000000000000ed80                hidGetControllerLayout
 .text.hidGetControllerType
                0x000000000000edd0       0x78 E:/SmashProjects/EveryoneHasWitchTime/code-mod-framework/lib/libnx_min/nx/lib\libnx_min.a(hid.o)
                0x000000000000edd0                hidGetControllerType
 *fill*         0x000000000000ee48        0x8 
 .text.hidGetControllerColors
                0x000000000000ee50       0xd4 E:/SmashProjects/EveryoneHasWitchTime/code-mod-framework/lib/libnx_min/nx/lib\libnx_min.a(hid.o)
                0x000000000000ee50                hidGetControllerColors
 *fill*         0x000000000000ef24        0xc 
 .text.hidIsControllerConnected
                0x000000000000ef30       0x7c E:/SmashProjects/EveryoneHasWitchTime/code-mod-framework/lib/libnx_min/nx/lib\libnx_min.a(hid.o)
                0x000000000000ef30                hidIsControllerConnected
 *fill*         0x000000000000efac        0x4 
 .text.hidGetControllerDeviceType
                0x000000000000efb0       0x70 E:/SmashProjects/EveryoneHasWitchTime/code-mod-framework/lib/libnx_min/nx/lib\libnx_min.a(hid.o)
                0x000000000000efb0                hidGetControllerDeviceType
 .text.hidGetControllerFlags
                0x000000000000f020       0x90 E:/SmashProjects/EveryoneHasWitchTime/code-mod-framework/lib/libnx_min/nx/lib\libnx_min.a(hid.o)
                0x000000000000f020                hidGetControllerFlags
 .text.hidGetControllerPowerInfo
                0x000000000000f0b0      0x114 E:/SmashProjects/EveryoneHasWitchTime/code-mod-framework/lib/libnx_min/nx/lib\libnx_min.a(hid.o)
                0x000000000000f0b0                hidGetControllerPowerInfo
 *fill*         0x000000000000f1c4        0xc 
 .text.hidKeysHeld
                0x000000000000f1d0       0x6c E:/SmashProjects/EveryoneHasWitchTime/code-mod-framework/lib/libnx_min/nx/lib\libnx_min.a(hid.o)
                0x000000000000f1d0                hidKeysHeld
 *fill*         0x000000000000f23c        0x4 
 .text.hidKeysDown
                0x000000000000f240       0x6c E:/SmashProjects/EveryoneHasWitchTime/code-mod-framework/lib/libnx_min/nx/lib\libnx_min.a(hid.o)
                0x000000000000f240                hidKeysDown
 *fill*         0x000000000000f2ac        0x4 
 .text.hidKeysUp
                0x000000000000f2b0       0x6c E:/SmashProjects/EveryoneHasWitchTime/code-mod-framework/lib/libnx_min/nx/lib\libnx_min.a(hid.o)
                0x000000000000f2b0                hidKeysUp
 *fill*         0x000000000000f31c        0x4 
 .text.hidMouseButtonsHeld
                0x000000000000f320       0x3c E:/SmashProjects/EveryoneHasWitchTime/code-mod-framework/lib/libnx_min/nx/lib\libnx_min.a(hid.o)
                0x000000000000f320                hidMouseButtonsHeld
 *fill*         0x000000000000f35c        0x4 
 .text.hidMouseButtonsDown
                0x000000000000f360       0x3c E:/SmashProjects/EveryoneHasWitchTime/code-mod-framework/lib/libnx_min/nx/lib\libnx_min.a(hid.o)
                0x000000000000f360                hidMouseButtonsDown
 *fill*         0x000000000000f39c        0x4 
 .text.hidMouseButtonsUp
                0x000000000000f3a0       0x3c E:/SmashProjects/EveryoneHasWitchTime/code-mod-framework/lib/libnx_min/nx/lib\libnx_min.a(hid.o)
                0x000000000000f3a0                hidMouseButtonsUp
 *fill*         0x000000000000f3dc        0x4 
 .text.hidMouseRead
                0x000000000000f3e0       0x48 E:/SmashProjects/EveryoneHasWitchTime/code-mod-framework/lib/libnx_min/nx/lib\libnx_min.a(hid.o)
                0x000000000000f3e0                hidMouseRead
 *fill*         0x000000000000f428        0x8 
 .text.hidMouseMultiRead
                0x000000000000f430      0x150 E:/SmashProjects/EveryoneHasWitchTime/code-mod-framework/lib/libnx_min/nx/lib\libnx_min.a(hid.o)
                0x000000000000f430                hidMouseMultiRead
 .text.hidKeyboardModifierHeld
                0x000000000000f580       0x48 E:/SmashProjects/EveryoneHasWitchTime/code-mod-framework/lib/libnx_min/nx/lib\libnx_min.a(hid.o)
                0x000000000000f580                hidKeyboardModifierHeld
 *fill*         0x000000000000f5c8        0x8 
 .text.hidKeyboardModifierDown
                0x000000000000f5d0       0x48 E:/SmashProjects/EveryoneHasWitchTime/code-mod-framework/lib/libnx_min/nx/lib\libnx_min.a(hid.o)
                0x000000000000f5d0                hidKeyboardModifierDown
 *fill*         0x000000000000f618        0x8 
 .text.hidKeyboardModifierUp
                0x000000000000f620       0x48 E:/SmashProjects/EveryoneHasWitchTime/code-mod-framework/lib/libnx_min/nx/lib\libnx_min.a(hid.o)
                0x000000000000f620                hidKeyboardModifierUp
 *fill*         0x000000000000f668        0x8 
 .text.hidKeyboardHeld
                0x000000000000f670       0x60 E:/SmashProjects/EveryoneHasWitchTime/code-mod-framework/lib/libnx_min/nx/lib\libnx_min.a(hid.o)
                0x000000000000f670                hidKeyboardHeld
 .text.hidKeyboardDown
                0x000000000000f6d0       0x60 E:/SmashProjects/EveryoneHasWitchTime/code-mod-framework/lib/libnx_min/nx/lib\libnx_min.a(hid.o)
                0x000000000000f6d0                hidKeyboardDown
 .text.hidKeyboardUp
                0x000000000000f730       0x60 E:/SmashProjects/EveryoneHasWitchTime/code-mod-framework/lib/libnx_min/nx/lib\libnx_min.a(hid.o)
                0x000000000000f730                hidKeyboardUp
 .text.hidTouchCount
                0x000000000000f790        0xc E:/SmashProjects/EveryoneHasWitchTime/code-mod-framework/lib/libnx_min/nx/lib\libnx_min.a(hid.o)
                0x000000000000f790                hidTouchCount
 *fill*         0x000000000000f79c        0x4 
 .text.hidScanInput
                0x000000000000f7a0      0x598 E:/SmashProjects/EveryoneHasWitchTime/code-mod-framework/lib/libnx_min/nx/lib\libnx_min.a(hid.o)
                0x000000000000f7a0                hidScanInput
 *fill*         0x000000000000fd38        0x8 
 .text.hidTouchRead
                0x000000000000fd40       0x54 E:/SmashProjects/EveryoneHasWitchTime/code-mod-framework/lib/libnx_min/nx/lib\libnx_min.a(hid.o)
                0x000000000000fd40                hidTouchRead
 *fill*         0x000000000000fd94        0xc 
 .text.hidJoystickRead
                0x000000000000fda0       0xac E:/SmashProjects/EveryoneHasWitchTime/code-mod-framework/lib/libnx_min/nx/lib\libnx_min.a(hid.o)
                0x000000000000fda0                hidJoystickRead
 *fill*         0x000000000000fe4c        0x4 
 .text.hidSixAxisSensorValuesRead
                0x000000000000fe50      0x214 E:/SmashProjects/EveryoneHasWitchTime/code-mod-framework/lib/libnx_min/nx/lib\libnx_min.a(hid.o)
                0x000000000000fe50                hidSixAxisSensorValuesRead
 *fill*         0x0000000000010064        0xc 
 .text.hidGetHandheldMode
                0x0000000000010070       0x14 E:/SmashProjects/EveryoneHasWitchTime/code-mod-framework/lib/libnx_min/nx/lib\libnx_min.a(hid.o)
                0x0000000000010070                hidGetHandheldMode
 *fill*         0x0000000000010084        0xc 
 .text.hidSetSupportedNpadIdType
                0x0000000000010090      0x198 E:/SmashProjects/EveryoneHasWitchTime/code-mod-framework/lib/libnx_min/nx/lib\libnx_min.a(hid.o)
                0x0000000000010090                hidSetSupportedNpadIdType
 *fill*         0x0000000000010228        0x8 
 .text.hidSetSupportedNpadStyleSet
                0x0000000000010230        0xc E:/SmashProjects/EveryoneHasWitchTime/code-mod-framework/lib/libnx_min/nx/lib\libnx_min.a(hid.o)
                0x0000000000010230                hidSetSupportedNpadStyleSet
 *fill*         0x000000000001023c        0x4 